Archive member included because of file (symbol)

c:/chibistudio/tools/gnu tools arm embedded/4.7 2014q2/bin/../lib/gcc/arm-none-eabi/4.7.4/../../../../arm-none-eabi/lib/armv7e-m\libm.a(lib_a-s_atan.o)
                              build/obj/DCM.o (atan)
c:/chibistudio/tools/gnu tools arm embedded/4.7 2014q2/bin/../lib/gcc/arm-none-eabi/4.7.4/../../../../arm-none-eabi/lib/armv7e-m\libm.a(lib_a-s_fabs.o)
                              c:/chibistudio/tools/gnu tools arm embedded/4.7 2014q2/bin/../lib/gcc/arm-none-eabi/4.7.4/../../../../arm-none-eabi/lib/armv7e-m\libm.a(lib_a-s_atan.o) (fabs)
c:/chibistudio/tools/gnu tools arm embedded/4.7 2014q2/bin/../lib/gcc/arm-none-eabi/4.7.4/../../../../arm-none-eabi/lib/armv7e-m\libm.a(lib_a-s_floor.o)
                              build/obj/Common.o (floor)
c:/chibistudio/tools/gnu tools arm embedded/4.7 2014q2/bin/../lib/gcc/arm-none-eabi/4.7.4/../../../../arm-none-eabi/lib/armv7e-m\libm.a(lib_a-s_fmin.o)
                              build/obj/hmc5883.o (fmin)
c:/chibistudio/tools/gnu tools arm embedded/4.7 2014q2/bin/../lib/gcc/arm-none-eabi/4.7.4/../../../../arm-none-eabi/lib/armv7e-m\libm.a(lib_a-s_fpclassify.o)
                              c:/chibistudio/tools/gnu tools arm embedded/4.7 2014q2/bin/../lib/gcc/arm-none-eabi/4.7.4/../../../../arm-none-eabi/lib/armv7e-m\libm.a(lib_a-s_fmin.o) (__fpclassifyd)
c:/chibistudio/tools/gnu tools arm embedded/4.7 2014q2/bin/../lib/gcc/arm-none-eabi/4.7.4/../../../../arm-none-eabi/lib/armv7e-m\libm.a(lib_a-sf_cos.o)
                              build/obj/DCMmath.o (cosf)
c:/chibistudio/tools/gnu tools arm embedded/4.7 2014q2/bin/../lib/gcc/arm-none-eabi/4.7.4/../../../../arm-none-eabi/lib/armv7e-m\libm.a(lib_a-sf_fpclassify.o)
                              build/obj/DP_Math.o (__fpclassifyf)
c:/chibistudio/tools/gnu tools arm embedded/4.7 2014q2/bin/../lib/gcc/arm-none-eabi/4.7.4/../../../../arm-none-eabi/lib/armv7e-m\libm.a(lib_a-sf_sin.o)
                              build/obj/DCMmath.o (sinf)
c:/chibistudio/tools/gnu tools arm embedded/4.7 2014q2/bin/../lib/gcc/arm-none-eabi/4.7.4/../../../../arm-none-eabi/lib/armv7e-m\libm.a(lib_a-w_acos.o)
                              build/obj/Mpu6050.o (acos)
c:/chibistudio/tools/gnu tools arm embedded/4.7 2014q2/bin/../lib/gcc/arm-none-eabi/4.7.4/../../../../arm-none-eabi/lib/armv7e-m\libm.a(lib_a-w_fmod.o)
                              build/obj/Common.o (fmod)
c:/chibistudio/tools/gnu tools arm embedded/4.7 2014q2/bin/../lib/gcc/arm-none-eabi/4.7.4/../../../../arm-none-eabi/lib/armv7e-m\libm.a(lib_a-w_pow.o)
                              build/obj/ms5611.o (pow)
c:/chibistudio/tools/gnu tools arm embedded/4.7 2014q2/bin/../lib/gcc/arm-none-eabi/4.7.4/../../../../arm-none-eabi/lib/armv7e-m\libm.a(lib_a-w_sqrt.o)
                              build/obj/Mpu6050.o (sqrt)
c:/chibistudio/tools/gnu tools arm embedded/4.7 2014q2/bin/../lib/gcc/arm-none-eabi/4.7.4/../../../../arm-none-eabi/lib/armv7e-m\libm.a(lib_a-wf_asin.o)
                              build/obj/DP_Math.o (asinf)
c:/chibistudio/tools/gnu tools arm embedded/4.7 2014q2/bin/../lib/gcc/arm-none-eabi/4.7.4/../../../../arm-none-eabi/lib/armv7e-m\libm.a(lib_a-wf_atan2.o)
                              build/obj/DCMmath.o (atan2f)
c:/chibistudio/tools/gnu tools arm embedded/4.7 2014q2/bin/../lib/gcc/arm-none-eabi/4.7.4/../../../../arm-none-eabi/lib/armv7e-m\libm.a(lib_a-wf_fmod.o)
                              build/obj/Common.o (fmodf)
c:/chibistudio/tools/gnu tools arm embedded/4.7 2014q2/bin/../lib/gcc/arm-none-eabi/4.7.4/../../../../arm-none-eabi/lib/armv7e-m\libm.a(lib_a-wf_sqrt.o)
                              build/obj/DP_Math.o (sqrtf)
c:/chibistudio/tools/gnu tools arm embedded/4.7 2014q2/bin/../lib/gcc/arm-none-eabi/4.7.4/../../../../arm-none-eabi/lib/armv7e-m\libm.a(lib_a-e_acos.o)
                              c:/chibistudio/tools/gnu tools arm embedded/4.7 2014q2/bin/../lib/gcc/arm-none-eabi/4.7.4/../../../../arm-none-eabi/lib/armv7e-m\libm.a(lib_a-w_acos.o) (__ieee754_acos)
c:/chibistudio/tools/gnu tools arm embedded/4.7 2014q2/bin/../lib/gcc/arm-none-eabi/4.7.4/../../../../arm-none-eabi/lib/armv7e-m\libm.a(lib_a-e_fmod.o)
                              c:/chibistudio/tools/gnu tools arm embedded/4.7 2014q2/bin/../lib/gcc/arm-none-eabi/4.7.4/../../../../arm-none-eabi/lib/armv7e-m\libm.a(lib_a-w_fmod.o) (__ieee754_fmod)
c:/chibistudio/tools/gnu tools arm embedded/4.7 2014q2/bin/../lib/gcc/arm-none-eabi/4.7.4/../../../../arm-none-eabi/lib/armv7e-m\libm.a(lib_a-e_pow.o)
                              c:/chibistudio/tools/gnu tools arm embedded/4.7 2014q2/bin/../lib/gcc/arm-none-eabi/4.7.4/../../../../arm-none-eabi/lib/armv7e-m\libm.a(lib_a-w_pow.o) (__ieee754_pow)
c:/chibistudio/tools/gnu tools arm embedded/4.7 2014q2/bin/../lib/gcc/arm-none-eabi/4.7.4/../../../../arm-none-eabi/lib/armv7e-m\libm.a(lib_a-e_sqrt.o)
[...]
Memory Configuration

Name             Origin             Length             Attributes
flash            0x08000000         0x00100000
ram              0x20000000         0x0001c000
ethram           0x2001c000         0x00004000
ccmram           0x10000000         0x00010000
*default*        0x00000000         0xffffffff

Linker script and memory map

LOAD build/obj/crt0.o
LOAD build/obj/vectors.o
LOAD build/obj/chcore.o
LOAD build/obj/chcore_v7m.o
LOAD build/obj/nvic.o
LOAD build/obj/chsys.o
LOAD build/obj/chdebug.o
LOAD build/obj/chlists.o
LOAD build/obj/chvt.o
LOAD build/obj/chschd.o
LOAD build/obj/chthreads.o
LOAD build/obj/chdynamic.o
LOAD build/obj/chregistry.o
LOAD build/obj/chsem.o
LOAD build/obj/chmtx.o
LOAD build/obj/chcond.o
LOAD build/obj/chevents.o
LOAD build/obj/chmsg.o
LOAD build/obj/chmboxes.o
LOAD build/obj/chqueues.o
LOAD build/obj/chmemcore.o
LOAD build/obj/chheap.o
LOAD build/obj/chmempools.o
LOAD build/obj/test.o
LOAD build/obj/testthd.o
LOAD build/obj/testsem.o
LOAD build/obj/testmtx.o
LOAD build/obj/testmsg.o
LOAD build/obj/testmbox.o
LOAD build/obj/testevt.o
LOAD build/obj/testheap.o
LOAD build/obj/testpools.o
LOAD build/obj/testdyn.o
LOAD build/obj/testqueues.o
LOAD build/obj/testbmk.o
LOAD build/obj/hal.o
LOAD build/obj/adc.o
LOAD build/obj/can.o
LOAD build/obj/ext.o
LOAD build/obj/gpt.o
LOAD build/obj/i2c.o
LOAD build/obj/icu.o
LOAD build/obj/mac.o
LOAD build/obj/mmc_spi.o
LOAD build/obj/mmcsd.o
LOAD build/obj/pal.o
LOAD build/obj/pwm.o
LOAD build/obj/rtc.o
LOAD build/obj/sdc.o
LOAD build/obj/serial.o
LOAD build/obj/serial_usb.o
LOAD build/obj/spi.o
LOAD build/obj/tm.o
LOAD build/obj/uart.o
LOAD build/obj/usb.o
LOAD build/obj/stm32_dma.o
LOAD build/obj/hal_lld.o
LOAD build/obj/adc_lld.o
LOAD build/obj/ext_lld_isr.o
LOAD build/obj/can_lld.o
LOAD build/obj/ext_lld.o
LOAD build/obj/mac_lld.o
LOAD build/obj/sdc_lld.o
LOAD build/obj/pal_lld.o
LOAD build/obj/i2c_lld.o
LOAD build/obj/usb_lld.o
LOAD build/obj/rtc_lld.o
LOAD build/obj/spi_lld.o
LOAD build/obj/gpt_lld.o
LOAD build/obj/icu_lld.o
LOAD build/obj/pwm_lld.o
LOAD build/obj/serial_lld.o
LOAD build/obj/uart_lld.o
LOAD build/obj/board.o
LOAD build/obj/chprintf.o
LOAD build/obj/main.o
LOAD build/obj/Mpu6050.o
LOAD build/obj/DP_Math.o
LOAD build/obj/DP_Math_Vector2f.o
LOAD build/obj/DCMmath.o
LOAD build/obj/DCM.o
LOAD build/obj/AHRS.o
LOAD build/obj/Common.o
LOAD build/obj/GPS_ublox.o
LOAD build/obj/hmc5883.o
LOAD build/obj/ms5611.o
LOAD c:/chibistudio/tools/gnu tools arm embedded/4.7 2014q2/bin/../lib/gcc/arm-none-eabi/4.7.4/../../../../arm-none-eabi/lib/armv7e-m\libm.a
                0x00000400                __main_stack_size__ = 0x400
                0x00000400                __process_stack_size__ = 0x400
                0x20000000                __ram_start__ = ORIGIN (ram)
                0x0001c000                __ram_size__ = 0x1c000
                0x2001c000                __ram_end__ = (__ram_start__ + __ram_size__)
                0x00000000                . = 0x0
                0x00000000                _text = .

startup         0x08000000      0x1ac
 *(vectors)
 vectors        0x08000000      0x1ac build/obj/vectors.o
                0x08000000                _vectors

constructors    0x080001ac        0x0
                0x080001ac                PROVIDE (__init_array_start, .)
 *(SORT(.init_array.*))
 *(.init_array)
                0x080001ac                PROVIDE (__init_array_end, .)

destructors     0x080001ac        0x0
                0x080001ac                PROVIDE (__fini_array_start, .)
 *(.fini_array)
 *(SORT(.fini_array.*))
                0x080001ac                PROVIDE (__fini_array_end, .)

.text           0x080001b0     0xa1d4
 *(.text.startup.*)
 .text.startup.main
                0x080001b0      0xad0 build/obj/main.o
                0x080001b0                main
 *(.text)
 .text          0x08000c80      0x370 c:/chibistudio/tools/gnu tools arm embedded/4.7 2014q2/bin/../lib/gcc/arm-none-eabi/4.7.4/armv7e-m\libgcc.a(_arm_addsubdf3.o)
                0x08000c80                __aeabi_drsub
                0x08000c88                __aeabi_dsub
                0x08000c88                __subdf3
                0x08000c8c                __aeabi_dadd
                0x08000c8c                __adddf3
                0x08000f04                __floatunsidf
                0x08000f04                __aeabi_ui2d
                0x08000f24                __floatsidf
                0x08000f24                __aeabi_i2d
                0x08000f48                __aeabi_f2d
                0x08000f48                __extendsfdf2
                0x08000f84                __floatundidf
                0x08000f84                __aeabi_ul2d
                0x08000f94                __floatdidf
                0x08000f94                __aeabi_l2d
 .text          0x08000ff0      0x424 c:/chibistudio/tools/gnu tools arm embedded/4.7 2014q2/bin/../lib/gcc/arm-none-eabi/4.7.4/armv7e-m\libgcc.a(_arm_muldivdf3.o)
                0x08000ff0                __aeabi_dmul
                0x08000ff0                __muldf3
                0x08001244                __divdf3
                0x08001244                __aeabi_ddiv
 *fill*         0x08001414        0xc 00
 .text          0x08001420      0x110 c:/chibistudio/tools/gnu tools arm embedded/4.7 2014q2/bin/../lib/gcc/arm-none-eabi/4.7.4/armv7e-m\libgcc.a(_arm_cmpdf2.o)
                0x08001420                __gtdf2
                0x08001420                __gedf2
                0x08001428                __ltdf2
                0x08001428                __ledf2
                0x08001430                __nedf2
                0x08001430                __eqdf2
                0x08001430                __cmpdf2
                0x080014ac                __aeabi_cdrcmple
                0x080014bc                __aeabi_cdcmpeq
                0x080014bc                __aeabi_cdcmple
                0x080014cc                __aeabi_dcmpeq
                0x080014e0                __aeabi_dcmplt
                0x080014f4                __aeabi_dcmple
                0x08001508                __aeabi_dcmpge
                0x0800151c                __aeabi_dcmpgt
 .text          0x08001530       0x50 c:/chibistudio/tools/gnu tools arm embedded/4.7 2014q2/bin/../lib/gcc/arm-none-eabi/4.7.4/armv7e-m\libgcc.a(_arm_fixdfsi.o)
                0x08001530                __aeabi_d2iz
                0x08001530                __fixdfsi
 .text          0x08001580       0xa0 c:/chibistudio/tools/gnu tools arm embedded/4.7 2014q2/bin/../lib/gcc/arm-none-eabi/4.7.4/armv7e-m\libgcc.a(_arm_truncdfsf2.o)
                0x08001580                __truncdfsf2
                0x08001580                __aeabi_d2f
 .text          0x08001620      0x21c c:/chibistudio/tools/gnu tools arm embedded/4.7 2014q2/bin/../lib/gcc/arm-none-eabi/4.7.4/armv7e-m\libgcc.a(_arm_addsubsf3.o)
                0x08001620                __aeabi_frsub
                0x08001628                __subsf3
                0x08001628                __aeabi_fsub
                0x0800162c                __aeabi_fadd
                0x0800162c                __addsf3
                0x0800178c                __aeabi_ui2f
                0x0800178c                __floatunsisf
                0x08001794                __aeabi_i2f
                0x08001794                __floatsisf
                0x080017b0                __aeabi_ul2f
                0x080017b0                __floatundisf
                0x080017c0                __aeabi_l2f
                0x080017c0                __floatdisf
 *fill*         0x0800183c        0x4 00
 .text          0x08001840      0x2a0 c:/chibistudio/tools/gnu tools arm embedded/4.7 2014q2/bin/../lib/gcc/arm-none-eabi/4.7.4/armv7e-m\libgcc.a(_arm_muldivsf3.o)
                0x08001840                __mulsf3
                0x08001840                __aeabi_fmul
                0x080019a8                __aeabi_fdiv
                0x080019a8                __divsf3
 .text          0x08001ae0       0xec c:/chibistudio/tools/gnu tools arm embedded/4.7 2014q2/bin/../lib/gcc/arm-none-eabi/4.7.4/armv7e-m\libgcc.a(_arm_cmpsf2.o)
                0x08001ae0                __gesf2
                0x08001ae0                __gtsf2
                0x08001ae8                __lesf2
                0x08001ae8                __ltsf2
                0x08001af0                __nesf2
                0x08001af0                __eqsf2
                0x08001af0                __cmpsf2
                0x08001b50                __aeabi_cfrcmple
                0x08001b58                __aeabi_cfcmpeq
                0x08001b58                __aeabi_cfcmple
                0x08001b68                __aeabi_fcmpeq
                0x08001b7c                __aeabi_fcmplt
                0x08001b90                __aeabi_fcmple
                0x08001ba4                __aeabi_fcmpge
                0x08001bb8                __aeabi_fcmpgt
 *fill*         0x08001bcc        0x4 00
 .text          0x08001bd0       0x4c c:/chibistudio/tools/gnu tools arm embedded/4.7 2014q2/bin/../lib/gcc/arm-none-eabi/4.7.4/armv7e-m\libgcc.a(_arm_fixsfsi.o)
                0x08001bd0                __aeabi_f2iz
                0x08001bd0                __fixsfsi
 *(.text.*)
 *fill*         0x08001c1c        0x4 00
 .text.__late_init
                0x08001c20       0x10 build/obj/crt0.o
                0x08001c20                __late_init
 .text._default_exit
                0x08001c30       0x10 build/obj/crt0.o
                0x08001c30                _default_exit
 .text.ResetHandler
                0x08001c40      0x1d0 build/obj/crt0.o
                0x08001c40                ResetHandler
 .text._unhandled_exception
                0x08001e10       0x10 build/obj/vectors.o
                0x08001e10                Vector1A0
                0x08001e10                NMIVector
                0x08001e10                Vector11C
                0x08001e10                Vector19C
                0x08001e10                Vector8C
                0x08001e10                Vector168
                0x08001e10                Vector110
                0x08001e10                Vector94
                0x08001e10                VectorA8
                0x08001e10                VectorEC
                0x08001e10                UsageFaultVector
                0x08001e10                DebugMonitorVector
                0x08001e10                Vector40
                0x08001e10                Vector190
                0x08001e10                Vector148
                0x08001e10                Vector188
                0x08001e10                PendSVVector
                0x08001e10                Vector198
                0x08001e10                Vector118
                0x08001e10                VectorCC
                0x08001e10                Vector54
                0x08001e10                Vector98
                0x08001e10                Vector24
                0x08001e10                Vector178
                0x08001e10                Vector1A4
                0x08001e10                BusFaultVector
                0x08001e10                VectorD0
                0x08001e10                Vector140
                0x08001e10                HardFaultVector
                0x08001e10                Vector134
                0x08001e10                Vector13C
                0x08001e10                Vector100
                0x08001e10                VectorF4
                0x08001e10                MemManageVector
                0x08001e10                Vector180
                0x08001e10                Vector90
                0x08001e10                Vector114
                0x08001e10                Vector1C
                0x08001e10                Vector17C
                0x08001e10                Vector48
                0x08001e10                Vector1A8
                0x08001e10                Vector16C
                0x08001e10                Vector144
                0x08001e10                _unhandled_exception
                0x08001e10                Vector88
                0x08001e10                Vector104
                0x08001e10                Vector184
                0x08001e10                Vector10C
                0x08001e10                Vector14C
                0x08001e10                Vector50
                0x08001e10                Vector194
                0x08001e10                Vector28
                0x08001e10                Vector34
                0x08001e10                Vector20
                0x08001e10                Vector18C
                0x08001e10                Vector174
 .text.port_halt
                0x08001e20       0x10 build/obj/chcore.o
                0x08001e20                port_halt
 .text._port_switch_from_isr
                0x08001e30       0x10 build/obj/chcore_v7m.o
                0x08001e30                _port_switch_from_isr
 .text.SVCallVector
                0x08001e40       0x20 build/obj/chcore_v7m.o
                0x08001e40                SVCallVector
 .text._port_init
                0x08001e60       0x40 build/obj/chcore_v7m.o
                0x08001e60                _port_init
 .text._port_irq_epilogue
                0x08001ea0       0x70 build/obj/chcore_v7m.o
                0x08001ea0                _port_irq_epilogue
 .text.SysTickVector
                0x08001f10       0x20 build/obj/chcore_v7m.o
                0x08001f10                SysTickVector
 .text._port_switch
                0x08001f30       0x10 build/obj/chcore_v7m.o
                0x08001f30                _port_switch
 .text._port_thread_start
                0x08001f40       0x10 build/obj/chcore_v7m.o
                0x08001f40                _port_thread_start
 .text.nvicEnableVector
                0x08001f50       0x50 build/obj/nvic.o
                0x08001f50                nvicEnableVector
 .text.nvicSetSystemHandlerPriority
                0x08001fa0       0x30 build/obj/nvic.o
                0x08001fa0                nvicSetSystemHandlerPriority
 .text._idle_thread
                0x08001fd0       0x20 build/obj/chsys.o
                0x08001fd0                _idle_thread
 .text.chSysInit
                0x08001ff0       0x70 build/obj/chsys.o
                0x08001ff0                chSysInit
 .text.chSysTimerHandlerI
                0x08002060       0x60 build/obj/chsys.o
                0x08002060                chSysTimerHandlerI
 .text._vt_init
                0x080020c0       0x20 build/obj/chvt.o
                0x080020c0                _vt_init
 .text.chVTSetI
                0x080020e0       0x40 build/obj/chvt.o
                0x080020e0                chVTSetI
 .text.chVTResetI
                0x08002120       0x30 build/obj/chvt.o
                0x08002120                chVTResetI
 .text.wakeup   0x08002150       0x60 build/obj/chschd.o
 .text._scheduler_init
                0x080021b0       0x20 build/obj/chschd.o
                0x080021b0                _scheduler_init
 .text.chSchReadyI
                0x080021d0       0x20 build/obj/chschd.o
                0x080021d0                chSchReadyI
 .text.chSchGoSleepS
                0x080021f0       0x30 build/obj/chschd.o
                0x080021f0                chSchGoSleepS
 .text.chSchGoSleepTimeoutS
                0x08002220       0x40 build/obj/chschd.o
                0x08002220                chSchGoSleepTimeoutS
 .text.chSchWakeupS
                0x08002260       0x60 build/obj/chschd.o
                0x08002260                chSchWakeupS
 .text.chSchDoRescheduleBehind
                0x080022c0       0x40 build/obj/chschd.o
                0x080022c0                chSchDoRescheduleBehind
 .text.chSchDoRescheduleAhead
                0x08002300       0x40 build/obj/chschd.o
                0x08002300                chSchDoRescheduleAhead
 .text.chSchDoReschedule
                0x08002340       0x20 build/obj/chschd.o
                0x08002340                chSchDoReschedule
 .text._thread_init
                0x08002360       0x50 build/obj/chthreads.o
                0x08002360                _thread_init
 .text.chThdCreateI
                0x080023b0       0x70 build/obj/chthreads.o
                0x080023b0                chThdCreateI
 .text.chThdCreateStatic
                0x08002420       0x30 build/obj/chthreads.o
                0x08002420                chThdCreateStatic
 .text.chThdSleep
                0x08002450       0x20 build/obj/chthreads.o
                0x08002450                chThdSleep
 .text.chThdExitS
                0x08002470       0x40 build/obj/chthreads.o
                0x08002470                chThdExitS
 .text.chThdExit
                0x080024b0       0x10 build/obj/chthreads.o
                0x080024b0                chThdExit
 .text.chMtxInit
                0x080024c0       0x10 build/obj/chmtx.o
                0x080024c0                chMtxInit
 .text.chMtxLockS
                0x080024d0       0xd0 build/obj/chmtx.o
                0x080024d0                chMtxLockS
 .text.chMtxLock
                0x080025a0       0x20 build/obj/chmtx.o
                0x080025a0                chMtxLock
 .text.chMtxUnlock
                0x080025c0       0x60 build/obj/chmtx.o
                0x080025c0                chMtxUnlock
 .text._core_init
                0x08002620       0x30 build/obj/chmemcore.o
                0x08002620                _core_init
 .text.chCoreAlloc
                0x08002650       0x40 build/obj/chmemcore.o
                0x08002650                chCoreAlloc
 .text.chCoreStatus
                0x08002690       0x20 build/obj/chmemcore.o
                0x08002690                chCoreStatus
 .text._heap_init
                0x080026b0       0x20 build/obj/chheap.o
                0x080026b0                _heap_init
 .text.halInit  0x080026d0       0x30 build/obj/hal.o
                0x080026d0                halInit
 .text.extInit  0x08002700       0x10 build/obj/ext.o
                0x08002700                extInit
 .text.extObjectInit
                0x08002710       0x10 build/obj/ext.o
                0x08002710                extObjectInit
 .text.i2cInit  0x08002720       0x10 build/obj/i2c.o
                0x08002720                i2cInit
 .text.i2cObjectInit
                0x08002730       0x10 build/obj/i2c.o
                0x08002730                i2cObjectInit
 .text.i2cStart
                0x08002740       0x20 build/obj/i2c.o
                0x08002740                i2cStart
 .text.i2cGetErrors
                0x08002760       0x10 build/obj/i2c.o
                0x08002760                i2cGetErrors
 .text.i2cMasterTransmitTimeout
                0x08002770       0x40 build/obj/i2c.o
                0x08002770                i2cMasterTransmitTimeout
 .text.i2cAcquireBus
                0x080027b0       0x10 build/obj/i2c.o
                0x080027b0                i2cAcquireBus
 .text.i2cReleaseBus
                0x080027c0       0x10 build/obj/i2c.o
                0x080027c0                i2cReleaseBus
 .text.pwmInit  0x080027d0       0x10 build/obj/pwm.o
                0x080027d0                pwmInit
 .text.pwmObjectInit
                0x080027e0       0x10 build/obj/pwm.o
                0x080027e0                pwmObjectInit
 .text.tm_start
                0x080027f0       0x10 build/obj/tm.o
 .text.tm_stop  0x08002800       0x40 build/obj/tm.o
 .text.tmInit   0x08002840       0x50 build/obj/tm.o
                0x08002840                tmInit
 .text.uartInit
                0x08002890       0x10 build/obj/uart.o
                0x08002890                uartInit
 .text.uartObjectInit
                0x080028a0       0x10 build/obj/uart.o
                0x080028a0                uartObjectInit
 .text.uartStart
                0x080028b0       0x20 build/obj/uart.o
                0x080028b0                uartStart
 .text.uartStartSend
                0x080028d0       0x20 build/obj/uart.o
                0x080028d0                uartStartSend
 .text.uartStartSendI
                0x080028f0       0x10 build/obj/uart.o
                0x080028f0                uartStartSendI
 .text.Vector6C
                0x08002900       0x30 build/obj/stm32_dma.o
                0x08002900                Vector6C
 .text.Vector70
                0x08002930       0x30 build/obj/stm32_dma.o
                0x08002930                Vector70
 .text.Vector74
                0x08002960       0x30 build/obj/stm32_dma.o
                0x08002960                Vector74
 .text.Vector78
                0x08002990       0x30 build/obj/stm32_dma.o
                0x08002990                Vector78
 .text.Vector7C
                0x080029c0       0x30 build/obj/stm32_dma.o
                0x080029c0                Vector7C
 .text.Vector80
                0x080029f0       0x30 build/obj/stm32_dma.o
                0x080029f0                Vector80
 .text.Vector84
                0x08002a20       0x30 build/obj/stm32_dma.o
                0x08002a20                Vector84
 .text.VectorFC
                0x08002a50       0x30 build/obj/stm32_dma.o
                0x08002a50                VectorFC
 .text.Vector120
                0x08002a80       0x30 build/obj/stm32_dma.o
                0x08002a80                Vector120
 .text.Vector124
                0x08002ab0       0x30 build/obj/stm32_dma.o
                0x08002ab0                Vector124
 .text.Vector128
                0x08002ae0       0x30 build/obj/stm32_dma.o
                0x08002ae0                Vector128
 .text.Vector12C
                0x08002b10       0x30 build/obj/stm32_dma.o
                0x08002b10                Vector12C
 .text.Vector130
                0x08002b40       0x30 build/obj/stm32_dma.o
                0x08002b40                Vector130
 .text.Vector150
                0x08002b70       0x30 build/obj/stm32_dma.o
                0x08002b70                Vector150
 .text.Vector154
                0x08002ba0       0x30 build/obj/stm32_dma.o
                0x08002ba0                Vector154
 .text.Vector158
                0x08002bd0       0x30 build/obj/stm32_dma.o
                0x08002bd0                Vector158
 .text.dmaInit  0x08002c00      0x140 build/obj/stm32_dma.o
                0x08002c00                dmaInit
 .text.dmaStreamAllocate
                0x08002d40       0xa0 build/obj/stm32_dma.o
                0x08002d40                dmaStreamAllocate
 .text.hal_lld_init
                0x08002de0       0xb0 build/obj/hal_lld.o
                0x08002de0                hal_lld_init
 .text.stm32_clock_init
                0x08002e90      0x100 build/obj/hal_lld.o
                0x08002e90                stm32_clock_init
 .text.Vector58
                0x08002f90       0x30 build/obj/ext_lld_isr.o
                0x08002f90                Vector58
 .text.Vector5C
                0x08002fc0       0x30 build/obj/ext_lld_isr.o
                0x08002fc0                Vector5C
 .text.Vector60
                0x08002ff0       0x30 build/obj/ext_lld_isr.o
                0x08002ff0                Vector60
 .text.Vector64
                0x08003020       0x30 build/obj/ext_lld_isr.o
                0x08003020                Vector64
 .text.Vector68
                0x08003050       0x30 build/obj/ext_lld_isr.o
                0x08003050                Vector68
 .text.Vector9C
                0x08003080       0x70 build/obj/ext_lld_isr.o
                0x08003080                Vector9C
 .text.VectorE0
                0x080030f0       0x80 build/obj/ext_lld_isr.o
                0x080030f0                VectorE0
 .text.Vector44
                0x08003170       0x30 build/obj/ext_lld_isr.o
                0x08003170                Vector44
 .text.VectorE4
                0x080031a0       0x30 build/obj/ext_lld_isr.o
                0x080031a0                VectorE4
 .text.VectorE8
                0x080031d0       0x30 build/obj/ext_lld_isr.o
                0x080031d0                VectorE8
 .text.Vector138
                0x08003200       0x30 build/obj/ext_lld_isr.o
                0x08003200                Vector138
 .text.Vector170
                0x08003230       0x30 build/obj/ext_lld_isr.o
                0x08003230                Vector170
 .text.Vector4C
                0x08003260       0x30 build/obj/ext_lld_isr.o
                0x08003260                Vector4C
 .text.ext_lld_init
                0x08003290       0x10 build/obj/ext_lld.o
                0x08003290                ext_lld_init
 .text._pal_lld_init
                0x080032a0      0x1b0 build/obj/pal_lld.o
                0x080032a0                _pal_lld_init
 .text.i2c_lld_abort_operation
                0x08003450       0x60 build/obj/i2c_lld.o
 .text.i2c_lld_safety_timeout
                0x080034b0       0x30 build/obj/i2c_lld.o
 .text.i2c_lld_serve_error_interrupt
                0x080034e0       0xe0 build/obj/i2c_lld.o
 .text.i2c_lld_serve_event_interrupt
                0x080035c0      0x120 build/obj/i2c_lld.o
 .text.i2c_lld_serve_tx_end_irq
                0x080036e0       0x40 build/obj/i2c_lld.o
 .text.i2c_lld_serve_rx_end_irq
                0x08003720       0x70 build/obj/i2c_lld.o
 .text.VectorBC
                0x08003790       0x20 build/obj/i2c_lld.o
                0x08003790                VectorBC
 .text.VectorC0
                0x080037b0       0x30 build/obj/i2c_lld.o
                0x080037b0                VectorC0
 .text.VectorC4
                0x080037e0       0x20 build/obj/i2c_lld.o
                0x080037e0                VectorC4
 .text.VectorC8
                0x08003800       0x30 build/obj/i2c_lld.o
                0x08003800                VectorC8
 .text.Vector160
                0x08003830       0x20 build/obj/i2c_lld.o
                0x08003830                Vector160
 .text.Vector164
                0x08003850       0x30 build/obj/i2c_lld.o
                0x08003850                Vector164
 .text.i2c_lld_init
                0x08003880       0x90 build/obj/i2c_lld.o
                0x08003880                i2c_lld_init
 .text.i2c_lld_start
                0x08003910      0x260 build/obj/i2c_lld.o
                0x08003910                i2c_lld_start
 .text.i2c_lld_master_transmit_timeout
                0x08003b70       0xf0 build/obj/i2c_lld.o
                0x08003b70                i2c_lld_master_transmit_timeout
 .text.pwm_lld_serve_interrupt
                0x08003c60       0x70 build/obj/pwm_lld.o
 .text.VectorA4
                0x08003cd0       0x30 build/obj/pwm_lld.o
                0x08003cd0                VectorA4
 .text.VectorAC
                0x08003d00       0x70 build/obj/pwm_lld.o
                0x08003d00                VectorAC
 .text.VectorB0
                0x08003d70       0x20 build/obj/pwm_lld.o
                0x08003d70                VectorB0
 .text.VectorB4
                0x08003d90       0x20 build/obj/pwm_lld.o
                0x08003d90                VectorB4
 .text.VectorB8
                0x08003db0       0x20 build/obj/pwm_lld.o
                0x08003db0                VectorB8
 .text.Vector108
                0x08003dd0       0x20 build/obj/pwm_lld.o
                0x08003dd0                Vector108
 .text.VectorF0
                0x08003df0       0x30 build/obj/pwm_lld.o
                0x08003df0                VectorF0
 .text.VectorF8
                0x08003e20       0x70 build/obj/pwm_lld.o
                0x08003e20                VectorF8
 .text.VectorA0
                0x08003e90       0x20 build/obj/pwm_lld.o
                0x08003e90                VectorA0
 .text.pwm_lld_init
                0x08003eb0       0xb0 build/obj/pwm_lld.o
                0x08003eb0                pwm_lld_init
 .text.set_rx_idle_loop
                0x08003f60       0x30 build/obj/uart_lld.o
 .text.usart_stop
                0x08003f90       0x50 build/obj/uart_lld.o
 .text.serve_usart_irq
                0x08003fe0       0x80 build/obj/uart_lld.o
 .text.uart_lld_serve_tx_end_irq
                0x08004060       0x50 build/obj/uart_lld.o
 .text.uart_lld_serve_rx_end_irq
                0x080040b0       0x70 build/obj/uart_lld.o
 .text.VectorD4
                0x08004120       0x20 build/obj/uart_lld.o
                0x08004120                VectorD4
 .text.VectorD8
                0x08004140       0x20 build/obj/uart_lld.o
                0x08004140                VectorD8
 .text.VectorDC
                0x08004160       0x20 build/obj/uart_lld.o
                0x08004160                VectorDC
 .text.Vector15C
                0x08004180       0x20 build/obj/uart_lld.o
                0x08004180                Vector15C
 .text.uart_lld_init
                0x080041a0       0xb0 build/obj/uart_lld.o
                0x080041a0                uart_lld_init
 .text.uart_lld_start
                0x08004250      0x1c0 build/obj/uart_lld.o
                0x08004250                uart_lld_start
 .text.uart_lld_start_send
                0x08004410       0x20 build/obj/uart_lld.o
                0x08004410                uart_lld_start_send
 .text.__early_init
                0x08004430       0x10 build/obj/board.o
                0x08004430                __early_init
 .text.boardInit
                0x08004440       0x10 build/obj/board.o
                0x08004440                boardInit
 .text.rxchar   0x08004450       0x10 build/obj/main.o
 .text.uart3_txend2
                0x08004460       0x20 build/obj/main.o
 .text.Thread1  0x08004480       0x20 build/obj/main.o
 .text.readByte
                0x080044a0       0x80 build/obj/Mpu6050.o
                0x080044a0                readByte
 .text.writeByte
                0x08004520       0x70 build/obj/Mpu6050.o
                0x08004520                writeByte
 .text.writeBits
                0x08004590       0x50 build/obj/Mpu6050.o
                0x08004590                writeBits
 .text.writeBit
                0x080045e0       0x30 build/obj/Mpu6050.o
                0x080045e0                writeBit
 .text.mpu_setRate
                0x08004610       0x10 build/obj/Mpu6050.o
                0x08004610                mpu_setRate
 .text.mpu_setDLPFMode
                0x08004620       0x10 build/obj/Mpu6050.o
                0x08004620                mpu_setDLPFMode
 .text.mpu_setClockSource
                0x08004630       0x10 build/obj/Mpu6050.o
                0x08004630                mpu_setClockSource
 .text.mpu_setFullScaleGyroRange
                0x08004640       0x20 build/obj/Mpu6050.o
                0x08004640                mpu_setFullScaleGyroRange
 .text.mpu_setFullScaleAccelRange
                0x08004660       0x20 build/obj/Mpu6050.o
                0x08004660                mpu_setFullScaleAccelRange
 .text.mpu_setSleepEnable
                0x08004680       0x10 build/obj/Mpu6050.o
                0x08004680                mpu_setSleepEnable
 .text.mpu_setI2CMasterModeEnabled
                0x08004690       0x10 build/obj/Mpu6050.o
                0x08004690                mpu_setI2CMasterModeEnabled
 .text.mpu_setI2CBypassEnabled
                0x080046a0       0x10 build/obj/Mpu6050.o
                0x080046a0                mpu_setI2CBypassEnabled
 .text.checkMpuWorking
                0x080046b0       0x20 build/obj/Mpu6050.o
                0x080046b0                checkMpuWorking
 .text.ReadMPU  0x080046d0      0x150 build/obj/Mpu6050.o
                0x080046d0                ReadMPU
 .text.mpu6050_init
                0x08004820      0x100 build/obj/Mpu6050.o
                0x08004820                mpu6050_init
 .text.upDate   0x08004920      0x180 build/obj/Mpu6050.o
                0x08004920                upDate
 .text.ins_get_gyro
                0x08004aa0       0x20 build/obj/Mpu6050.o
                0x08004aa0                ins_get_gyro
 .text.ins_get_Accel
                0x08004ac0       0x20 build/obj/Mpu6050.o
                0x08004ac0                ins_get_Accel
 .text.ins_get_Gyro_drift
                0x08004ae0       0x20 build/obj/Mpu6050.o
                0x08004ae0                ins_get_Gyro_drift
 .text.get_delta_time
                0x08004b00       0x30 build/obj/Mpu6050.o
                0x08004b00                get_delta_time
 .text.mpu6050_gyro_calibration
                0x08004b30      0x230 build/obj/Mpu6050.o
                0x08004b30                mpu6050_gyro_calibration
 .text.safe_asin
                0x08004d60       0x50 build/obj/DP_Math.o
                0x08004d60                safe_asin
 .text.Vector3f_Sum
                0x08004db0       0x40 build/obj/DP_Math.o
                0x08004db0                Vector3f_Sum
 .text.Vector3f_Sub
                0x08004df0       0x40 build/obj/DP_Math.o
                0x08004df0                Vector3f_Sub
 .text.Vector3f_dot_prod
                0x08004e30       0x50 build/obj/DP_Math.o
                0x08004e30                Vector3f_dot_prod
 .text.Vector3f_cross_prod
                0x08004e80       0x80 build/obj/DP_Math.o
                0x08004e80                Vector3f_cross_prod
 .text.Vector3f_Mult_to_float
                0x08004f00       0x40 build/obj/DP_Math.o
                0x08004f00                Vector3f_Mult_to_float
 .text.Vector3f_isnan
                0x08004f40       0x40 build/obj/DP_Math.o
                0x08004f40                Vector3f_isnan
 .text.Vector3f_isinf
                0x08004f80       0x40 build/obj/DP_Math.o
                0x08004f80                Vector3f_isinf
 .text.Vector3f_zero
                0x08004fc0       0x10 build/obj/DP_Math.o
                0x08004fc0                Vector3f_zero
 .text.Vector3f_iszero
                0x08004fd0       0x40 build/obj/DP_Math.o
                0x08004fd0                Vector3f_iszero
 .text.pythagorous3
                0x08005010       0x40 build/obj/DP_Math.o
                0x08005010                pythagorous3
 .text.Vector3f_lenght
                0x08005050       0x20 build/obj/DP_Math.o
                0x08005050                Vector3f_lenght
 .text.Vector3f_normalize
                0x08005070       0x40 build/obj/DP_Math.o
                0x08005070                Vector3f_normalize
 .text.Vector3f_div_to_float
                0x080050b0       0x40 build/obj/DP_Math.o
                0x080050b0                Vector3f_div_to_float
 .text.constrain_float
                0x080050f0       0x50 build/obj/DP_Math.o
                0x080050f0                constrain_float
 .text.pythagorous2
                0x08005140       0x30 build/obj/DP_Math_Vector2f.o
                0x08005140                pythagorous2
 .text.Vector2f_normalize
                0x08005170       0x30 build/obj/DP_Math_Vector2f.o
                0x08005170                Vector2f_normalize
 .text.Vector2f_isinf
                0x080051a0       0x30 build/obj/DP_Math_Vector2f.o
                0x080051a0                Vector2f_isinf
 .text.Vector2f_Cross_prod
                0x080051d0       0x30 build/obj/DP_Math_Vector2f.o
                0x080051d0                Vector2f_Cross_prod
 .text.from_euler
                0x08005200      0x100 build/obj/DCMmath.o
                0x08005200                from_euler
 .text.to_euler
                0x08005300       0x40 build/obj/DCMmath.o
                0x08005300                to_euler
 .text.Mat_rotate
                0x08005340      0x1a0 build/obj/DCMmath.o
                0x08005340                Mat_rotate
 .text.mul_Mat3f_to_Vec3f
                0x080054e0       0xd0 build/obj/DCMmath.o
                0x080054e0                mul_Mat3f_to_Vec3f
 .text.mat_mulXY
                0x080055b0       0xb0 build/obj/DCMmath.o
                0x080055b0                mat_mulXY
 .text.mul_transpose
                0x08005660       0xd0 build/obj/DCMmath.o
                0x08005660                mul_transpose
 .text.matrix_colX
                0x08005730       0x20 build/obj/DCMmath.o
                0x08005730                matrix_colX
 .text.matrix_isnan
                0x08005750       0x40 build/obj/DCMmath.o
                0x08005750                matrix_isnan
 .text.matrix_identity
                0x08005790       0x20 build/obj/DCMmath.o
                0x08005790                matrix_identity
 .text.dcm_matrix_update
                0x080057b0       0xa0 build/obj/DCM.o
                0x080057b0                dcm_matrix_update
 .text.dcm_reset
                0x08005850       0x80 build/obj/DCM.o
                0x08005850                dcm_reset
 .text.dcm_init
                0x080058d0      0x250 build/obj/DCM.o
                0x080058d0                dcm_init
 .text.renorm   0x08005b20       0xa0 build/obj/DCM.o
                0x08005b20                renorm
 .text.normalize
                0x08005bc0       0xf0 build/obj/DCM.o
                0x08005bc0                normalize
 .text.check_matrix
                0x08005cb0       0x80 build/obj/DCM.o
                0x08005cb0                check_matrix
 .text.yaw_error_compass
                0x08005d30       0x70 build/obj/DCM.o
                0x08005d30                yaw_error_compass
 .text._yaw_gain
                0x08005da0       0x50 build/obj/DCM.o
                0x08005da0                _yaw_gain
 .text.use_compass
                0x08005df0       0xc0 build/obj/DCM.o
                0x08005df0                use_compass
 .text.drift_correction_yaw
                0x08005eb0      0x310 build/obj/DCM.o
                0x08005eb0                drift_correction_yaw
 .text.ra_delayed
                0x080061c0       0x60 build/obj/DCM.o
                0x080061c0                ra_delayed
 .text.drift_correction
                0x08006220      0x760 build/obj/DCM.o
                0x08006220                drift_correction
 .text.euler_angles
                0x08006980       0xf0 build/obj/DCM.o
                0x08006980                euler_angles
 .text.dcm_update
                0x08006a70       0x50 build/obj/DCM.o
                0x08006a70                dcm_update
 .text.have_gps
                0x08006ac0       0x20 build/obj/AHRS.o
                0x08006ac0                have_gps
 .text.get_GPS_ground_speed
                0x08006ae0       0x10 build/obj/AHRS.o
                0x08006ae0                get_GPS_ground_speed
 .text.get_GPS_FIX_TYPE
                0x08006af0       0x10 build/obj/AHRS.o
                0x08006af0                get_GPS_FIX_TYPE
 .text.get_GPS_ground_course_cd
                0x08006b00       0x10 build/obj/AHRS.o
                0x08006b00                get_GPS_ground_course_cd
 .text.get_GPS_Location
                0x08006b10       0x40 build/obj/AHRS.o
                0x08006b10                get_GPS_Location
 .text.get_GPS_velocity
                0x08006b50       0x20 build/obj/AHRS.o
                0x08006b50                get_GPS_velocity
 .text.get_GPS_num_sats
                0x08006b70       0x10 build/obj/AHRS.o
                0x08006b70                get_GPS_num_sats
 .text.get_GPS_last_fix_time_ms
                0x08006b80       0x10 build/obj/AHRS.o
                0x08006b80                get_GPS_last_fix_time_ms
 .text.get_Airspeed
                0x08006b90       0x10 build/obj/AHRS.o
                0x08006b90                get_Airspeed
 .text.Airspeed_using
                0x08006ba0       0x10 build/obj/AHRS.o
                0x08006ba0                Airspeed_using
 .text.ins_healthy
                0x08006bb0       0x30 build/obj/AHRS.o
                0x08006bb0                ins_healthy
 .text.Compass_last_update
                0x08006be0       0x10 build/obj/AHRS.o
                0x08006be0                Compass_last_update
 .text.wrap_180_cd
                0x08006bf0       0xc0 build/obj/Common.o
                0x08006bf0                wrap_180_cd
 .text.wrap_PI  0x08006cb0       0xf0 build/obj/Common.o
                0x08006cb0                wrap_PI
 .text.HMC_readByte
                0x08006da0       0x80 build/obj/hmc5883.o
                0x08006da0                HMC_readByte
 .text.HMC_writeByte
                0x08006e20       0x70 build/obj/hmc5883.o
                0x08006e20                HMC_writeByte
 .text.setMode.part.1
                0x08006e90       0x20 build/obj/hmc5883.o
 .text.getID    0x08006eb0       0x80 build/obj/hmc5883.o
                0x08006eb0                getID
 .text.setGain  0x08006f30       0x20 build/obj/hmc5883.o
                0x08006f30                setGain
 .text.getRaw   0x08006f50       0x70 build/obj/hmc5883.o
                0x08006f50                getRaw
 .text.calibrate
                0x08006fc0      0x2e0 build/obj/hmc5883.o
                0x08006fc0                calibrate
 .text.getValuesF
                0x080072a0       0x80 build/obj/hmc5883.o
                0x080072a0                getValuesF
 .text.HMC5883_Init
                0x08007320       0x50 build/obj/hmc5883.o
                0x08007320                HMC5883_Init
 .text.Compass_update
                0x08007370       0x20 build/obj/hmc5883.o
                0x08007370                Compass_update
 .text.compass_calculate_heading
                0x08007390      0x160 build/obj/hmc5883.o
                0x08007390                compass_calculate_heading
 .text.atan     0x080074f0      0x368 c:/chibistudio/tools/gnu tools arm embedded/4.7 2014q2/bin/../lib/gcc/arm-none-eabi/4.7.4/../../../../arm-none-eabi/lib/armv7e-m\libm.a(lib_a-s_atan.o)
                0x080074f0                atan
 *fill*         0x08007858        0x8 00
 .text.fabs     0x08007860        0x8 c:/chibistudio/tools/gnu tools arm embedded/4.7 2014q2/bin/../lib/gcc/arm-none-eabi/4.7.4/../../../../arm-none-eabi/lib/armv7e-m\libm.a(lib_a-s_fabs.o)
                0x08007860                fabs
 *fill*         0x08007868        0x8 00
 .text.fmin     0x08007870       0x38 c:/chibistudio/tools/gnu tools arm embedded/4.7 2014q2/bin/../lib/gcc/arm-none-eabi/4.7.4/../../../../arm-none-eabi/lib/armv7e-m\libm.a(lib_a-s_fmin.o)
                0x08007870                fmin
 *fill*         0x080078a8        0x8 00
 .text.__fpclassifyd
                0x080078b0       0x68 c:/chibistudio/tools/gnu tools arm embedded/4.7 2014q2/bin/../lib/gcc/arm-none-eabi/4.7.4/../../../../arm-none-eabi/lib/armv7e-m\libm.a(lib_a-s_fpclassify.o)
                0x080078b0                __fpclassifyd
 *fill*         0x08007918        0x8 00
 .text.cosf     0x08007920       0x68 c:/chibistudio/tools/gnu tools arm embedded/4.7 2014q2/bin/../lib/gcc/arm-none-eabi/4.7.4/../../../../arm-none-eabi/lib/armv7e-m\libm.a(lib_a-sf_cos.o)
                0x08007920                cosf
 *fill*         0x08007988        0x8 00
 .text.__fpclassifyf
                0x08007990       0x58 c:/chibistudio/tools/gnu tools arm embedded/4.7 2014q2/bin/../lib/gcc/arm-none-eabi/4.7.4/../../../../arm-none-eabi/lib/armv7e-m\libm.a(lib_a-sf_fpclassify.o)
                0x08007990                __fpclassifyf
 *fill*         0x080079e8        0x8 00
 .text.sinf     0x080079f0       0x78 c:/chibistudio/tools/gnu tools arm embedded/4.7 2014q2/bin/../lib/gcc/arm-none-eabi/4.7.4/../../../../arm-none-eabi/lib/armv7e-m\libm.a(lib_a-sf_sin.o)
                0x080079f0                sinf
 *fill*         0x08007a68        0x8 00
 .text.sqrt     0x08007a70       0xa8 c:/chibistudio/tools/gnu tools arm embedded/4.7 2014q2/bin/../lib/gcc/arm-none-eabi/4.7.4/../../../../arm-none-eabi/lib/armv7e-m\libm.a(lib_a-w_sqrt.o)
                0x08007a70                sqrt
 *fill*         0x08007b18        0x8 00
 .text.asinf    0x08007b20       0xa0 c:/chibistudio/tools/gnu tools arm embedded/4.7 2014q2/bin/../lib/gcc/arm-none-eabi/4.7.4/../../../../arm-none-eabi/lib/armv7e-m\libm.a(lib_a-wf_asin.o)
                0x08007b20                asinf
 .text.atan2f   0x08007bc0        0x4 c:/chibistudio/tools/gnu tools arm embedded/4.7 2014q2/bin/../lib/gcc/arm-none-eabi/4.7.4/../../../../arm-none-eabi/lib/armv7e-m\libm.a(lib_a-wf_atan2.o)
                0x08007bc0                atan2f
 *fill*         0x08007bc4        0xc 00
 .text.fmodf    0x08007bd0       0xb4 c:/chibistudio/tools/gnu tools arm embedded/4.7 2014q2/bin/../lib/gcc/arm-none-eabi/4.7.4/../../../../arm-none-eabi/lib/armv7e-m\libm.a(lib_a-wf_fmod.o)
                0x08007bd0                fmodf
 *fill*         0x08007c84        0xc 00
 .text.sqrtf    0x08007c90       0x9c c:/chibistudio/tools/gnu tools arm embedded/4.7 2014q2/bin/../lib/gcc/arm-none-eabi/4.7.4/../../../../arm-none-eabi/lib/armv7e-m\libm.a(lib_a-wf_sqrt.o)
                0x08007c90                sqrtf
 *fill*         0x08007d2c        0x4 00
 .text.__ieee754_sqrt
                0x08007d30      0x208 c:/chibistudio/tools/gnu tools arm embedded/4.7 2014q2/bin/../lib/gcc/arm-none-eabi/4.7.4/../../../../arm-none-eabi/lib/armv7e-m\libm.a(lib_a-e_sqrt.o)
                0x08007d30                __ieee754_sqrt
 *fill*         0x08007f38        0x8 00
 .text.__ieee754_asinf
                0x08007f40      0x318 c:/chibistudio/tools/gnu tools arm embedded/4.7 2014q2/bin/../lib/gcc/arm-none-eabi/4.7.4/../../../../arm-none-eabi/lib/armv7e-m\libm.a(lib_a-ef_asin.o)
                0x08007f40                __ieee754_asinf
 *fill*         0x08008258        0x8 00
 .text.__ieee754_atan2f
                0x08008260      0x14c c:/chibistudio/tools/gnu tools arm embedded/4.7 2014q2/bin/../lib/gcc/arm-none-eabi/4.7.4/../../../../arm-none-eabi/lib/armv7e-m\libm.a(lib_a-ef_atan2.o)
                0x08008260                __ieee754_atan2f
 *fill*         0x080083ac        0x4 00
 .text.__ieee754_fmodf
                0x080083b0      0x130 c:/chibistudio/tools/gnu tools arm embedded/4.7 2014q2/bin/../lib/gcc/arm-none-eabi/4.7.4/../../../../arm-none-eabi/lib/armv7e-m\libm.a(lib_a-ef_fmod.o)
                0x080083b0                __ieee754_fmodf
 .text.__ieee754_rem_pio2f
                0x080084e0      0x358 c:/chibistudio/tools/gnu tools arm embedded/4.7 2014q2/bin/../lib/gcc/arm-none-eabi/4.7.4/../../../../arm-none-eabi/lib/armv7e-m\libm.a(lib_a-ef_rem_pio2.o)
                0x080084e0                __ieee754_rem_pio2f
 *fill*         0x08008838        0x8 00
 .text.__ieee754_sqrtf
                0x08008840       0xd4 c:/chibistudio/tools/gnu tools arm embedded/4.7 2014q2/bin/../lib/gcc/arm-none-eabi/4.7.4/../../../../arm-none-eabi/lib/armv7e-m\libm.a(lib_a-ef_sqrt.o)
                0x08008840                __ieee754_sqrtf
 *fill*         0x08008914        0xc 00
 .text.__kernel_cosf
                0x08008920      0x1b8 c:/chibistudio/tools/gnu tools arm embedded/4.7 2014q2/bin/../lib/gcc/arm-none-eabi/4.7.4/../../../../arm-none-eabi/lib/armv7e-m\libm.a(lib_a-kf_cos.o)
                0x08008920                __kernel_cosf
 *fill*         0x08008ad8        0x8 00
 .text.__kernel_rem_pio2f
                0x08008ae0      0xb90 c:/chibistudio/tools/gnu tools arm embedded/4.7 2014q2/bin/../lib/gcc/arm-none-eabi/4.7.4/../../../../arm-none-eabi/lib/armv7e-m\libm.a(lib_a-kf_rem_pio2.o)
                0x08008ae0                __kernel_rem_pio2f
 .text.__kernel_sinf
                0x08009670      0x100 c:/chibistudio/tools/gnu tools arm embedded/4.7 2014q2/bin/../lib/gcc/arm-none-eabi/4.7.4/../../../../arm-none-eabi/lib/armv7e-m\libm.a(lib_a-kf_sin.o)
                0x08009670                __kernel_sinf
 .text.matherr  0x08009770        0x4 c:/chibistudio/tools/gnu tools arm embedded/4.7 2014q2/bin/../lib/gcc/arm-none-eabi/4.7.4/../../../../arm-none-eabi/lib/armv7e-m\libm.a(lib_a-s_matherr.o)
                0x08009770                matherr
 *fill*         0x08009774        0xc 00
 .text.nan      0x08009780        0xc c:/chibistudio/tools/gnu tools arm embedded/4.7 2014q2/bin/../lib/gcc/arm-none-eabi/4.7.4/../../../../arm-none-eabi/lib/armv7e-m\libm.a(lib_a-s_nan.o)
                0x08009780                nan
 *fill*         0x0800978c        0x4 00
 .text.atanf    0x08009790      0x258 c:/chibistudio/tools/gnu tools arm embedded/4.7 2014q2/bin/../lib/gcc/arm-none-eabi/4.7.4/../../../../arm-none-eabi/lib/armv7e-m\libm.a(lib_a-sf_atan.o)
                0x08009790                atanf
 *fill*         0x080099e8        0x8 00
 .text.fabsf    0x080099f0        0x8 c:/chibistudio/tools/gnu tools arm embedded/4.7 2014q2/bin/../lib/gcc/arm-none-eabi/4.7.4/../../../../arm-none-eabi/lib/armv7e-m\libm.a(lib_a-sf_fabs.o)
                0x080099f0                fabsf
 *fill*         0x080099f8        0x8 00
 .text.floorf   0x08009a00       0x94 c:/chibistudio/tools/gnu tools arm embedded/4.7 2014q2/bin/../lib/gcc/arm-none-eabi/4.7.4/../../../../arm-none-eabi/lib/armv7e-m\libm.a(lib_a-sf_floor.o)
                0x08009a00                floorf
 *fill*         0x08009a94        0xc 00
 .text.scalbnf  0x08009aa0       0xc0 c:/chibistudio/tools/gnu tools arm embedded/4.7 2014q2/bin/../lib/gcc/arm-none-eabi/4.7.4/../../../../arm-none-eabi/lib/armv7e-m\libm.a(lib_a-sf_scalbn.o)
                0x08009aa0                scalbnf
 .text.copysignf
                0x08009b60        0xc c:/chibistudio/tools/gnu tools arm embedded/4.7 2014q2/bin/../lib/gcc/arm-none-eabi/4.7.4/../../../../arm-none-eabi/lib/armv7e-m\libm.a(lib_a-sf_copysign.o)
                0x08009b60                copysignf
 *fill*         0x08009b6c        0x4 00
 .text.__errno  0x08009b70        0xc c:/chibistudio/tools/gnu tools arm embedded/4.7 2014q2/bin/../lib/gcc/arm-none-eabi/4.7.4/../../../../arm-none-eabi/lib/armv7e-m\libg.a(lib_a-errno.o)
                0x08009b70                __errno
 *fill*         0x08009b7c        0x4 00
 .text.memcpy   0x08009b80      0x144 c:/chibistudio/tools/gnu tools arm embedded/4.7 2014q2/bin/../lib/gcc/arm-none-eabi/4.7.4/../../../../arm-none-eabi/lib/armv7e-m\libg.a(lib_a-memcpy.o)
                0x08009b80                memcpy
 *(.rodata)
 *(.rodata.*)
 *fill*         0x08009cc4        0xc 00
 .rodata.str1.4
                0x08009cd0        0x5 build/obj/chsys.o
                                  0x8 (size before relaxing)
 *fill*         0x08009cd5        0xb 00
 .rodata.ch_debug
                0x08009ce0       0x18 build/obj/chregistry.o
                0x08009ce0                ch_debug
 *fill*         0x08009cf8        0x8 00
 .rodata._stm32_dma_streams
                0x08009d00       0xc0 build/obj/stm32_dma.o
                0x08009d00                _stm32_dma_streams
 .rodata.pal_default_config
                0x08009dc0       0xfc build/obj/board.o
                0x08009dc0                pal_default_config
 *fill*         0x08009ebc        0x4 00
 .rodata.i2cfg2
                0x08009ec0        0xc build/obj/main.o
 *fill*         0x08009ecc        0x4 00
 .rodata.counts_per_milligauss
                0x08009ed0       0x20 build/obj/hmc5883.o
                0x08009ed0                counts_per_milligauss
 .rodata.atanlo
                0x08009ef0       0x20 c:/chibistudio/tools/gnu tools arm embedded/4.7 2014q2/bin/../lib/gcc/arm-none-eabi/4.7.4/../../../../arm-none-eabi/lib/armv7e-m\libm.a(lib_a-s_atan.o)
 .rodata.atanhi
                0x08009f10       0x20 c:/chibistudio/tools/gnu tools arm embedded/4.7 2014q2/bin/../lib/gcc/arm-none-eabi/4.7.4/../../../../arm-none-eabi/lib/armv7e-m\libm.a(lib_a-s_atan.o)
 .rodata.str1.4
                0x08009f30        0x5 c:/chibistudio/tools/gnu tools arm embedded/4.7 2014q2/bin/../lib/gcc/arm-none-eabi/4.7.4/../../../../arm-none-eabi/lib/armv7e-m\libm.a(lib_a-w_sqrt.o)
                                  0x8 (size before relaxing)
 *fill*         0x08009f35        0xb 00
 .rodata.str1.4
                0x08009f40        0x6 c:/chibistudio/tools/gnu tools arm embedded/4.7 2014q2/bin/../lib/gcc/arm-none-eabi/4.7.4/../../../../arm-none-eabi/lib/armv7e-m\libm.a(lib_a-wf_asin.o)
                                  0xc (size before relaxing)
 *fill*         0x08009f46        0xa 00
 .rodata.str1.4
                0x08009f50        0x6 c:/chibistudio/tools/gnu tools arm embedded/4.7 2014q2/bin/../lib/gcc/arm-none-eabi/4.7.4/../../../../arm-none-eabi/lib/armv7e-m\libm.a(lib_a-wf_fmod.o)
                                  0x8 (size before relaxing)
 *fill*         0x08009f56        0xa 00
 .rodata.str1.4
                0x08009f60        0x6 c:/chibistudio/tools/gnu tools arm embedded/4.7 2014q2/bin/../lib/gcc/arm-none-eabi/4.7.4/../../../../arm-none-eabi/lib/armv7e-m\libm.a(lib_a-wf_sqrt.o)
                                  0x8 (size before relaxing)
 *fill*         0x08009f66        0xa 00
 .rodata.Zero   0x08009f70        0x8 c:/chibistudio/tools/gnu tools arm embedded/4.7 2014q2/bin/../lib/gcc/arm-none-eabi/4.7.4/../../../../arm-none-eabi/lib/armv7e-m\libm.a(lib_a-ef_fmod.o)
 *fill*         0x08009f78        0x8 00
 .rodata.npio2_hw
                0x08009f80       0x80 c:/chibistudio/tools/gnu tools arm embedded/4.7 2014q2/bin/../lib/gcc/arm-none-eabi/4.7.4/../../../../arm-none-eabi/lib/armv7e-m\libm.a(lib_a-ef_rem_pio2.o)
 .rodata.two_over_pi
                0x0800a000      0x318 c:/chibistudio/tools/gnu tools arm embedded/4.7 2014q2/bin/../lib/gcc/arm-none-eabi/4.7.4/../../../../arm-none-eabi/lib/armv7e-m\libm.a(lib_a-ef_rem_pio2.o)
 *fill*         0x0800a318        0x8 00
 .rodata.init_jk
                0x0800a320        0xc c:/chibistudio/tools/gnu tools arm embedded/4.7 2014q2/bin/../lib/gcc/arm-none-eabi/4.7.4/../../../../arm-none-eabi/lib/armv7e-m\libm.a(lib_a-kf_rem_pio2.o)
 *fill*         0x0800a32c        0x4 00
 .rodata.PIo2   0x0800a330       0x2c c:/chibistudio/tools/gnu tools arm embedded/4.7 2014q2/bin/../lib/gcc/arm-none-eabi/4.7.4/../../../../arm-none-eabi/lib/armv7e-m\libm.a(lib_a-kf_rem_pio2.o)
 *fill*         0x0800a35c        0x4 00
 .rodata.atanlo
                0x0800a360       0x10 c:/chibistudio/tools/gnu tools arm embedded/4.7 2014q2/bin/../lib/gcc/arm-none-eabi/4.7.4/../../../../arm-none-eabi/lib/armv7e-m\libm.a(lib_a-sf_atan.o)
 .rodata.atanhi
                0x0800a370       0x10 c:/chibistudio/tools/gnu tools arm embedded/4.7 2014q2/bin/../lib/gcc/arm-none-eabi/4.7.4/../../../../arm-none-eabi/lib/armv7e-m\libm.a(lib_a-sf_atan.o)
 .rodata.str1.4
                0x0800a380        0x4 c:/chibistudio/tools/gnu tools arm embedded/4.7 2014q2/bin/../lib/gcc/arm-none-eabi/4.7.4/../../../../arm-none-eabi/lib/armv7e-m\libg.a(lib_a-impure.o)
 *(.glue_7t)
 .glue_7t       0x00000000        0x0 linker stubs
 *(.glue_7)
 .glue_7        0x00000000        0x0 linker stubs
 *(.gcc*)

.vfp11_veneer   0x0800a384        0x0
 .vfp11_veneer  0x00000000        0x0 linker stubs

.v4_bx          0x0800a384        0x0
 .v4_bx         0x00000000        0x0 linker stubs

.iplt           0x0800a384        0x0
 .iplt          0x00000000        0x0 build/obj/crt0.o

.rel.dyn        0x0800a384        0x0
 .rel.iplt      0x00000000        0x0 build/obj/crt0.o

.ARM.extab
 *(.ARM.extab* .gnu.linkonce.armextab.*)

.ARM.exidx      0x0800a384        0x0
                0x0800a384                PROVIDE (__exidx_start, .)
 *(.ARM.exidx* .gnu.linkonce.armexidx.*)
                0x0800a384                PROVIDE (__exidx_end, .)

.eh_frame_hdr
 *(.eh_frame_hdr)

.eh_frame
 *(.eh_frame)

.textalign      0x0800a384        0x4
                0x0800a388                . = ALIGN (0x8)
 *fill*         0x0800a384        0x4 00
                0x0800a388                . = ALIGN (0x4)
                0x0800a388                _etext = .
                0x0800a388                _textdata = _etext

.stacks         0x20000000      0x800
                0x20000000                . = ALIGN (0x8)
                0x20000000                __main_stack_base__ = .
                0x20000400                . = (. + __main_stack_size__)
 *fill*         0x20000000      0x400 00
                0x20000400                . = ALIGN (0x8)
                0x20000400                __main_stack_end__ = .
                0x20000400                __process_stack_base__ = .
                0x20000400                __main_thread_stack_base__ = .
                0x20000800                . = (. + __process_stack_size__)
 *fill*         0x20000400      0x400 00
                0x20000800                . = ALIGN (0x8)
                0x20000800                __process_stack_end__ = .
                0x20000800                __main_thread_stack_end__ = .

.data           0x20000800      0x474 load address 0x0800a388
                0x20000800                . = ALIGN (0x4)
                0x20000800                PROVIDE (_data, .)
 *(.data)
                0x20000800                . = ALIGN (0x4)
 *(.data.*)
 .data.uart_cfg_1
                0x20000800       0x20 build/obj/main.o
 .data.RdyToSend
                0x20000820        0x1 build/obj/main.o
                0x20000820                RdyToSend
 .data.startMessageCounet
                0x20000821        0x1 build/obj/main.o
                0x20000821                startMessageCounet
 .data.attitude_send_enabled
                0x20000822        0x1 build/obj/main.o
                0x20000822                attitude_send_enabled
 .data.gyro_accel_healthy
                0x20000823        0x1 build/obj/Mpu6050.o
                0x20000823                gyro_accel_healthy
 .data._mag_earth
                0x20000824        0x8 build/obj/DCM.o
                0x20000824                _mag_earth
 .data.gps_gain
                0x2000082c        0x4 build/obj/AHRS.o
                0x2000082c                gps_gain
 .data._gps_minsats
                0x20000830        0x1 build/obj/AHRS.o
                0x20000830                _gps_minsats
 *fill*         0x20000831        0x3 00
 .data.gyro_drift_limit
                0x20000834        0x4 build/obj/AHRS.o
                0x20000834                gyro_drift_limit
 .data._kp_yaw  0x20000838        0x4 build/obj/Common.o
                0x20000838                _kp_yaw
 .data._kp      0x2000083c        0x4 build/obj/Common.o
                0x2000083c                _kp
 .data.comp_healthy
                0x20000840        0x1 build/obj/hmc5883.o
                0x20000840                comp_healthy
 .data.USE_COMPASS
                0x20000841        0x1 build/obj/hmc5883.o
                0x20000841                USE_COMPASS
 .data.USE_COMPASS_FOR_YAW
                0x20000842        0x1 build/obj/hmc5883.o
                0x20000842                USE_COMPASS_FOR_YAW
 .data.baro_healthy
                0x20000843        0x1 build/obj/ms5611.o
                0x20000843                baro_healthy
 .data.__fdlib_version
                0x20000844        0x1 c:/chibistudio/tools/gnu tools arm embedded/4.7 2014q2/bin/../lib/gcc/arm-none-eabi/4.7.4/../../../../arm-none-eabi/lib/armv7e-m\libm.a(lib_a-s_lib_ver.o)
                0x20000844                __fdlib_version
 *fill*         0x20000845        0x3 00
 .data.impure_data
                0x20000848      0x428 c:/chibistudio/tools/gnu tools arm embedded/4.7 2014q2/bin/../lib/gcc/arm-none-eabi/4.7.4/../../../../arm-none-eabi/lib/armv7e-m\libg.a(lib_a-impure.o)
 .data._impure_ptr
                0x20000c70        0x4 c:/chibistudio/tools/gnu tools arm embedded/4.7 2014q2/bin/../lib/gcc/arm-none-eabi/4.7.4/../../../../arm-none-eabi/lib/armv7e-m\libg.a(lib_a-impure.o)
                0x20000c70                _impure_ptr
                0x20000c74                . = ALIGN (0x4)
 *(.ramtext)
                0x20000c74                . = ALIGN (0x4)
                0x20000c74                PROVIDE (_edata, .)

.igot.plt       0x20000c74        0x0 load address 0x0800a7fc
 .igot.plt      0x00000000        0x0 build/obj/crt0.o

.bss            0x20000c78      0x98c load address 0x0800a7fc
                0x20000c78                . = ALIGN (0x4)
                0x20000c78                PROVIDE (_bss_start, .)
 *(.bss)
                0x20000c78                . = ALIGN (0x4)
 *(.bss.*)
 .bss.mainthread.4773
                0x20000c78       0x48 build/obj/chsys.o
 .bss._idle_thread_wa
                0x20000cc0       0xe0 build/obj/chsys.o
                0x20000cc0                _idle_thread_wa
 .bss.vtlist    0x20000da0       0x10 build/obj/chvt.o
                0x20000da0                vtlist
 .bss.rlist     0x20000db0       0x1c build/obj/chschd.o
                0x20000db0                rlist
 .bss.endmem    0x20000dcc        0x4 build/obj/chmemcore.o
 .bss.nextmem   0x20000dd0        0x4 build/obj/chmemcore.o
 *fill*         0x20000dd4        0x4 00
 .bss.default_heap
                0x20000dd8       0x20 build/obj/chheap.o
 .bss.measurement_offset
                0x20000df8        0x4 build/obj/tm.o
 .bss.dma_isr_redir
                0x20000dfc       0x80 build/obj/stm32_dma.o
 .bss.dma_streams_mask
                0x20000e7c        0x4 build/obj/stm32_dma.o
 .bss.EXTD1     0x20000e80        0x8 build/obj/ext_lld.o
                0x20000e80                EXTD1
 .bss.I2CD1     0x20000e88       0x38 build/obj/i2c_lld.o
                0x20000e88                I2CD1
 .bss.I2CD2     0x20000ec0       0x38 build/obj/i2c_lld.o
                0x20000ec0                I2CD2
 .bss.I2CD3     0x20000ef8       0x38 build/obj/i2c_lld.o
                0x20000ef8                I2CD3
 .bss.PWMD1     0x20000f30       0x14 build/obj/pwm_lld.o
                0x20000f30                PWMD1
 .bss.PWMD2     0x20000f44       0x14 build/obj/pwm_lld.o
                0x20000f44                PWMD2
 .bss.PWMD3     0x20000f58       0x14 build/obj/pwm_lld.o
                0x20000f58                PWMD3
 .bss.PWMD4     0x20000f6c       0x14 build/obj/pwm_lld.o
                0x20000f6c                PWMD4
 .bss.PWMD5     0x20000f80       0x14 build/obj/pwm_lld.o
                0x20000f80                PWMD5
 .bss.PWMD8     0x20000f94       0x14 build/obj/pwm_lld.o
                0x20000f94                PWMD8
 .bss.PWMD9     0x20000fa8       0x14 build/obj/pwm_lld.o
                0x20000fa8                PWMD9
 .bss.UARTD1    0x20000fbc       0x1c build/obj/uart_lld.o
                0x20000fbc                UARTD1
 .bss.UARTD2    0x20000fd8       0x1c build/obj/uart_lld.o
                0x20000fd8                UARTD2
 .bss.UARTD3    0x20000ff4       0x1c build/obj/uart_lld.o
                0x20000ff4                UARTD3
 .bss.UARTD6    0x20001010       0x1c build/obj/uart_lld.o
                0x20001010                UARTD6
 .bss.msg       0x2000102c      0x110 build/obj/main.o
                0x2000102c                msg
 .bss.m_mavlink_status.8046
                0x2000113c       0x30 build/obj/main.o
 .bss.RawPress_send_enable
                0x2000116c        0x1 build/obj/main.o
                0x2000116c                RawPress_send_enable
 *fill*         0x2000116d        0x3 00
 .bss.timeNow   0x20001170        0x4 build/obj/main.o
                0x20001170                timeNow
 .bss.txbuf     0x20001174        0x8 build/obj/main.o
                0x20001174                txbuf
 .bss.buff      0x2000117c      0x108 build/obj/main.o
                0x2000117c                buff
 *fill*         0x20001284        0x4 00
 .bss.Thread_Unit
                0x20001288      0x150 build/obj/main.o
 .bss.RawImu_send_enable
                0x200013d8        0x1 build/obj/main.o
                0x200013d8                RawImu_send_enable
 .bss.GPS_send_enabled
                0x200013d9        0x1 build/obj/main.o
                0x200013d9                GPS_send_enabled
 *fill*         0x200013da        0x2 00
 .bss.myMPU     0x200013dc        0xc build/obj/main.o
                0x200013dc                myMPU
 .bss.rxbuf     0x200013e8        0x8 build/obj/main.o
                0x200013e8                rxbuf
 .bss._accel_ef
                0x200013f0        0xc build/obj/Mpu6050.o
                0x200013f0                _accel_ef
 .bss.numberOfSample
                0x200013fc        0x1 build/obj/Mpu6050.o
                0x200013fc                numberOfSample
 *fill*         0x200013fd        0x3 00
 .bss._gyro_offset
                0x20001400        0xc build/obj/Mpu6050.o
                0x20001400                _gyro_offset
 .bss.Gyro      0x2000140c        0xc build/obj/Mpu6050.o
                0x2000140c                Gyro
 .bss.Accel     0x20001418        0xc build/obj/Mpu6050.o
                0x20001418                Accel
 .bss.read_mpu_delta_t
                0x20001424        0x4 build/obj/Mpu6050.o
                0x20001424                read_mpu_delta_t
 .bss._accel_offset
                0x20001428        0xc build/obj/Mpu6050.o
                0x20001428                _accel_offset
 .bss.Data      0x20001434        0xc build/obj/Mpu6050.o
                0x20001434                Data
 .bss.Samples   0x20001440        0x1 build/obj/Mpu6050.o
                0x20001440                Samples
 *fill*         0x20001441        0x3 00
 .bss.drift     0x20001444        0xc build/obj/Mpu6050.o
                0x20001444                drift
 .bss._active_accel_instance
                0x20001450        0x1 build/obj/Mpu6050.o
                0x20001450                _active_accel_instance
 *fill*         0x20001451        0x3 00
 .bss._error_yaw_last
                0x20001454        0x4 build/obj/DCM.o
                0x20001454                _error_yaw_last
 .bss._error_rp_sum
                0x20001458        0x4 build/obj/DCM.o
                0x20001458                _error_rp_sum
 .bss._omega_yaw_P
                0x2000145c        0xc build/obj/DCM.o
                0x2000145c                _omega_yaw_P
 .bss._last_velocity
                0x20001468        0xc build/obj/DCM.o
                0x20001468                _last_velocity
 .bss._position_offset_north
                0x20001474        0x4 build/obj/DCM.o
                0x20001474                _position_offset_north
 .bss._ki       0x20001478        0x4 build/obj/DCM.o
                0x20001478                _ki
 .bss._have_position
                0x2000147c        0x1 build/obj/DCM.o
                0x2000147c                _have_position
 *fill*         0x2000147d        0x3 00
 .bss._flags    0x20001480        0x4 build/obj/DCM.o
                0x20001480                _flags
 .bss._last_airspeed
                0x20001484        0x4 build/obj/DCM.o
                0x20001484                _last_airspeed
 .bss._renorm_val_sum
                0x20001488        0x4 build/obj/DCM.o
                0x20001488                _renorm_val_sum
 .bss._last_declination
                0x2000148c        0x4 build/obj/DCM.o
                0x2000148c                _last_declination
 .bss._compass_last_update
                0x20001490        0x4 build/obj/DCM.o
                0x20001490                _compass_last_update
 .bss._ki_yaw   0x20001494        0x4 build/obj/DCM.o
                0x20001494                _ki_yaw
 .bss._ra_sum_start
                0x20001498        0x4 build/obj/DCM.o
                0x20001498                _ra_sum_start
 .bss._omega_I_sum
                0x2000149c        0xc build/obj/DCM.o
                0x2000149c                _omega_I_sum
 .bss.roll      0x200014a8        0x4 build/obj/DCM.o
                0x200014a8                roll
 .bss._position_offset_east
                0x200014ac        0x4 build/obj/DCM.o
                0x200014ac                _position_offset_east
 .bss._last_lat
                0x200014b0        0x4 build/obj/DCM.o
                0x200014b0                _last_lat
 .bss._last_wind_time
                0x200014b4        0x4 build/obj/DCM.o
                0x200014b4                _last_wind_time
 .bss._ra_sum   0x200014b8        0xc build/obj/DCM.o
                0x200014b8                _ra_sum
 .bss._ra_deltat
                0x200014c4        0x4 build/obj/DCM.o
                0x200014c4                _ra_deltat
 .bss._omega    0x200014c8        0xc build/obj/DCM.o
                0x200014c8                _omega
 .bss._have_gps_lock
                0x200014d4        0x1 build/obj/DCM.o
                0x200014d4                _have_gps_lock
 *fill*         0x200014d5        0x3 00
 .bss._error_rp_last
                0x200014d8        0x4 build/obj/DCM.o
                0x200014d8                _error_rp_last
 .bss._ra_delay_buffer
                0x200014dc        0xc build/obj/DCM.o
                0x200014dc                _ra_delay_buffer
 .bss._body_dcm_matrix
                0x200014e8       0x24 build/obj/DCM.o
                0x200014e8                _body_dcm_matrix
 .bss._renorm_val_count
                0x2000150c        0x2 build/obj/DCM.o
                0x2000150c                _renorm_val_count
 *fill*         0x2000150e        0x2 00
 .bss._gps_last_update
                0x20001510        0x4 build/obj/DCM.o
                0x20001510                _gps_last_update
 .bss._omega_I  0x20001514        0xc build/obj/DCM.o
                0x20001514                _omega_I
 .bss.yaw       0x20001520        0x4 build/obj/DCM.o
                0x20001520                yaw
 .bss._omega_I_sum_time
                0x20001524        0x4 build/obj/DCM.o
                0x20001524                _omega_I_sum_time
 .bss._error_yaw_count
                0x20001528        0x2 build/obj/DCM.o
                0x20001528                _error_yaw_count
 *fill*         0x2000152a        0x2 00
 .bss._omega_P  0x2000152c        0xc build/obj/DCM.o
                0x2000152c                _omega_P
 .bss._wind     0x20001538        0xc build/obj/DCM.o
                0x20001538                _wind
 .bss._error_yaw_sum
                0x20001544        0x4 build/obj/DCM.o
                0x20001544                _error_yaw_sum
 .bss._last_lng
                0x20001548        0x4 build/obj/DCM.o
                0x20001548                _last_lng
 .bss._last_failure_ms
                0x2000154c        0x4 build/obj/DCM.o
                0x2000154c                _last_failure_ms
 .bss.pitch     0x20001550        0x4 build/obj/DCM.o
                0x20001550                pitch
 .bss._dcm_matrix
                0x20001554       0x24 build/obj/DCM.o
                0x20001554                _dcm_matrix
 .bss._last_consistent_heading
                0x20001578        0x4 build/obj/DCM.o
                0x20001578                _last_consistent_heading
 .bss._error_rp_count
                0x2000157c        0x2 build/obj/DCM.o
                0x2000157c                _error_rp_count
 *fill*         0x2000157e        0x2 00
 .bss.pitch_sensor
                0x20001580        0x4 build/obj/AHRS.o
                0x20001580                pitch_sensor
 .bss.roll_sensor
                0x20001584        0x4 build/obj/AHRS.o
                0x20001584                roll_sensor
 .bss.yaw_sensor
                0x20001588        0x4 build/obj/AHRS.o
                0x20001588                yaw_sensor
 .bss.last_fix_time_ms
                0x2000158c        0x4 build/obj/GPS_ublox.o
                0x2000158c                last_fix_time_ms
 .bss.longitude
                0x20001590        0x4 build/obj/GPS_ublox.o
                0x20001590                longitude
 .bss.ground_course_cd
                0x20001594        0x4 build/obj/GPS_ublox.o
                0x20001594                ground_course_cd
 .bss.gps_altitude
                0x20001598        0x4 build/obj/GPS_ublox.o
                0x20001598                gps_altitude
 .bss.FIX_TYPE  0x2000159c        0x1 build/obj/GPS_ublox.o
                0x2000159c                FIX_TYPE
 .bss.satellites
                0x2000159d        0x1 build/obj/GPS_ublox.o
                0x2000159d                satellites
 *fill*         0x2000159e        0x2 00
 .bss.NED_vlocity
                0x200015a0        0xc build/obj/GPS_ublox.o
                0x200015a0                NED_vlocity
 .bss.latitude  0x200015ac        0x4 build/obj/GPS_ublox.o
                0x200015ac                latitude
 .bss.ground_speed
                0x200015b0        0x4 build/obj/GPS_ublox.o
                0x200015b0                ground_speed
 .bss.comp_errors
                0x200015b4        0x4 build/obj/hmc5883.o
                0x200015b4                comp_errors
 .bss.temp_cmp  0x200015b8        0x8 build/obj/hmc5883.o
                0x200015b8                temp_cmp
 .bss.x_scale   0x200015c0        0x4 build/obj/hmc5883.o
                0x200015c0                x_scale
 .bss._Compass_declination
                0x200015c4        0x4 build/obj/hmc5883.o
                0x200015c4                _Compass_declination
 .bss._field    0x200015c8        0xc build/obj/hmc5883.o
                0x200015c8                _field
 .bss.comp_status
                0x200015d4        0x4 build/obj/hmc5883.o
                0x200015d4                comp_status
 .bss.y_scale   0x200015d8        0x4 build/obj/hmc5883.o
                0x200015d8                y_scale
 .bss.hmc_txbuf
                0x200015dc        0x8 build/obj/hmc5883.o
                0x200015dc                hmc_txbuf
 .bss.hmc_rxbuf
                0x200015e4        0x8 build/obj/hmc5883.o
                0x200015e4                hmc_rxbuf
 .bss.z_scale   0x200015ec        0x4 build/obj/hmc5883.o
                0x200015ec                z_scale
 .bss.Comp_last_update
                0x200015f0        0x4 build/obj/hmc5883.o
                0x200015f0                Comp_last_update
 .bss.errors    0x200015f4        0x4 build/obj/ms5611.o
                0x200015f4                errors
 .bss.status    0x200015f8        0x4 build/obj/ms5611.o
                0x200015f8                status
 .bss.CurrentAlt
                0x200015fc        0x4 build/obj/ms5611.o
                0x200015fc                CurrentAlt
 .bss.Home_Altitude
                0x20001600        0x4 build/obj/ms5611.o
                0x20001600                Home_Altitude
                0x20001604                . = ALIGN (0x4)
 *(COMMON)
                0x20001604                . = ALIGN (0x4)
                0x20001604                PROVIDE (_bss_end, .)
                0x20001604                PROVIDE (end, .)
                0x20001604                _end = .
                0x20001604                __heap_base__ = _end
                0x2001c000                __heap_end__ = __ram_end__
START GROUP
LOAD c:/chibistudio/tools/gnu tools arm embedded/4.7 2014q2/bin/../lib/gcc/arm-none-eabi/4.7.4/armv7e-m\libgcc.a
LOAD c:/chibistudio/tools/gnu tools arm embedded/4.7 2014q2/bin/../lib/gcc/arm-none-eabi/4.7.4/../../../../arm-none-eabi/lib/armv7e-m\libg.a
LOAD c:/chibistudio/tools/gnu tools arm embedded/4.7 2014q2/bin/../lib/gcc/arm-none-eabi/4.7.4/../../../../arm-none-eabi/lib/armv7e-m\libc.a
END GROUP
OUTPUT(build/ch.elf elf32-littlearm)

.debug_info     0x00000000    0x1b399
 .debug_info    0x00000000      0x2a9 build/obj/crt0.o
 .debug_info    0x000002a9      0x1f0 build/obj/vectors.o
 .debug_info    0x00000499       0x9a build/obj/chcore.o
 .debug_info    0x00000533      0x89b build/obj/chcore_v7m.o
 .debug_info    0x00000dce      0x455 build/obj/nvic.o
 .debug_info    0x00001223      0x8aa build/obj/chsys.o
 .debug_info    0x00001acd      0x21f build/obj/chvt.o
 .debug_info    0x00001cec      0x9eb build/obj/chschd.o
 .debug_info    0x000026d7      0xc4b build/obj/chthreads.o
 .debug_info    0x00003322      0x684 build/obj/chregistry.o
 .debug_info    0x000039a6      0xa4c build/obj/chmtx.o
 .debug_info    0x000043f2      0x22f build/obj/chmemcore.o
 .debug_info    0x00004621      0x739 build/obj/chheap.o
 .debug_info    0x00004d5a      0x41a build/obj/hal.o
 .debug_info    0x00005174      0x4d7 build/obj/ext.o
 .debug_info    0x0000564b      0xc8a build/obj/i2c.o
 .debug_info    0x000062d5      0x6fb build/obj/pwm.o
 .debug_info    0x000069d0      0x2f4 build/obj/tm.o
 .debug_info    0x00006cc4      0xa52 build/obj/uart.o
 .debug_info    0x00007716      0xb44 build/obj/stm32_dma.o
 .debug_info    0x0000825a      0x505 build/obj/hal_lld.o
 .debug_info    0x0000875f      0xab2 build/obj/ext_lld_isr.o
 .debug_info    0x00009211      0x4a2 build/obj/ext_lld.o
 .debug_info    0x000096b3      0x769 build/obj/pal_lld.o
 .debug_info    0x00009e1c     0x1a60 build/obj/i2c_lld.o
 .debug_info    0x0000b87c      0xcc5 build/obj/pwm_lld.o
 .debug_info    0x0000c541      0xf5c build/obj/uart_lld.o
 .debug_info    0x0000d49d      0x215 build/obj/board.o
 .debug_info    0x0000d6b2     0x3e19 build/obj/main.o
 .debug_info    0x000114cb     0x2328 build/obj/Mpu6050.o
 .debug_info    0x000137f3      0x5e2 build/obj/DP_Math.o
 .debug_info    0x00013dd5      0x2c3 build/obj/DP_Math_Vector2f.o
 .debug_info    0x00014098      0x6ec build/obj/DCMmath.o
 .debug_info    0x00014784     0x1e6a build/obj/DCM.o
 .debug_info    0x000165ee      0x46f build/obj/AHRS.o
 .debug_info    0x00016a5d      0x356 build/obj/Common.o
 .debug_info    0x00016db3     0x1897 build/obj/GPS_ublox.o
 .debug_info    0x0001864a     0x1542 build/obj/hmc5883.o
 .debug_info    0x00019b8c     0x180d build/obj/ms5611.o

.debug_abbrev   0x00000000     0x5940
 .debug_abbrev  0x00000000       0xf4 build/obj/crt0.o
 .debug_abbrev  0x000000f4       0xb1 build/obj/vectors.o
 .debug_abbrev  0x000001a5       0x44 build/obj/chcore.o
 .debug_abbrev  0x000001e9      0x1d5 build/obj/chcore_v7m.o
 .debug_abbrev  0x000003be       0xf2 build/obj/nvic.o
 .debug_abbrev  0x000004b0      0x220 build/obj/chsys.o
 .debug_abbrev  0x000006d0      0x133 build/obj/chvt.o
 .debug_abbrev  0x00000803      0x340 build/obj/chschd.o
 .debug_abbrev  0x00000b43      0x368 build/obj/chthreads.o
 .debug_abbrev  0x00000eab      0x197 build/obj/chregistry.o
 .debug_abbrev  0x00001042      0x316 build/obj/chmtx.o
 .debug_abbrev  0x00001358      0x16c build/obj/chmemcore.o
 .debug_abbrev  0x000014c4      0x210 build/obj/chheap.o
 .debug_abbrev  0x000016d4      0x1e4 build/obj/hal.o
 .debug_abbrev  0x000018b8      0x1bf build/obj/ext.o
 .debug_abbrev  0x00001a77      0x2b3 build/obj/i2c.o
 .debug_abbrev  0x00001d2a      0x1b8 build/obj/pwm.o
 .debug_abbrev  0x00001ee2      0x19c build/obj/tm.o
 .debug_abbrev  0x0000207e      0x29c build/obj/uart.o
 .debug_abbrev  0x0000231a      0x221 build/obj/stm32_dma.o
 .debug_abbrev  0x0000253b      0x12d build/obj/hal_lld.o
 .debug_abbrev  0x00002668      0x1ec build/obj/ext_lld_isr.o
 .debug_abbrev  0x00002854      0x1da build/obj/ext_lld.o
 .debug_abbrev  0x00002a2e      0x1c6 build/obj/pal_lld.o
 .debug_abbrev  0x00002bf4      0x3f1 build/obj/i2c_lld.o
 .debug_abbrev  0x00002fe5      0x239 build/obj/pwm_lld.o
 .debug_abbrev  0x0000321e      0x394 build/obj/uart_lld.o
 .debug_abbrev  0x000035b2       0xe5 build/obj/board.o
 .debug_abbrev  0x00003697      0x4cb build/obj/main.o
 .debug_abbrev  0x00003b62      0x4ec build/obj/Mpu6050.o
 .debug_abbrev  0x0000404e      0x228 build/obj/DP_Math.o
 .debug_abbrev  0x00004276      0x1bd build/obj/DP_Math_Vector2f.o
 .debug_abbrev  0x00004433      0x1f9 build/obj/DCMmath.o
 .debug_abbrev  0x0000462c      0x466 build/obj/DCM.o
 .debug_abbrev  0x00004a92      0x14a build/obj/AHRS.o
 .debug_abbrev  0x00004bdc      0x165 build/obj/Common.o
 .debug_abbrev  0x00004d41      0x3b7 build/obj/GPS_ublox.o
 .debug_abbrev  0x000050f8      0x447 build/obj/hmc5883.o
 .debug_abbrev  0x0000553f      0x401 build/obj/ms5611.o

.debug_aranges  0x00000000      0xee0
 .debug_aranges
                0x00000000       0x38 build/obj/crt0.o
 .debug_aranges
                0x00000038       0x20 build/obj/vectors.o
 .debug_aranges
                0x00000058       0x20 build/obj/chcore.o
 .debug_aranges
                0x00000078       0x50 build/obj/chcore_v7m.o
 .debug_aranges
                0x000000c8       0x30 build/obj/nvic.o
 .debug_aranges
                0x000000f8       0x30 build/obj/chsys.o
 .debug_aranges
                0x00000128       0x30 build/obj/chvt.o
 .debug_aranges
                0x00000158       0x68 build/obj/chschd.o
 .debug_aranges
                0x000001c0       0x78 build/obj/chthreads.o
 .debug_aranges
                0x00000238       0x28 build/obj/chregistry.o
 .debug_aranges
                0x00000260       0x58 build/obj/chmtx.o
 .debug_aranges
                0x000002b8       0x38 build/obj/chmemcore.o
 .debug_aranges
                0x000002f0       0x40 build/obj/chheap.o
 .debug_aranges
                0x00000330       0x30 build/obj/hal.o
 .debug_aranges
                0x00000360       0x50 build/obj/ext.o
 .debug_aranges
                0x000003b0       0x60 build/obj/i2c.o
 .debug_aranges
                0x00000410       0x50 build/obj/pwm.o
 .debug_aranges
                0x00000460       0x38 build/obj/tm.o
 .debug_aranges
                0x00000498       0x78 build/obj/uart.o
 .debug_aranges
                0x00000510       0xb0 build/obj/stm32_dma.o
 .debug_aranges
                0x000005c0       0x28 build/obj/hal_lld.o
 .debug_aranges
                0x000005e8       0x98 build/obj/ext_lld_isr.o
 .debug_aranges
                0x00000680       0x40 build/obj/ext_lld.o
 .debug_aranges
                0x000006c0       0x28 build/obj/pal_lld.o
 .debug_aranges
                0x000006e8       0xa0 build/obj/i2c_lld.o
 .debug_aranges
                0x00000788       0x90 build/obj/pwm_lld.o
 .debug_aranges
                0x00000818       0x98 build/obj/uart_lld.o
 .debug_aranges
                0x000008b0       0x28 build/obj/board.o
 .debug_aranges
                0x000008d8       0x68 build/obj/main.o
 .debug_aranges
                0x00000940      0x110 build/obj/Mpu6050.o
 .debug_aranges
                0x00000a50       0x98 build/obj/DP_Math.o
 .debug_aranges
                0x00000ae8       0x48 build/obj/DP_Math_Vector2f.o
 .debug_aranges
                0x00000b30       0x98 build/obj/DCMmath.o
 .debug_aranges
                0x00000bc8       0xd0 build/obj/DCM.o
 .debug_aranges
                0x00000c98       0x78 build/obj/AHRS.o
 .debug_aranges
                0x00000d10       0x50 build/obj/Common.o
 .debug_aranges
                0x00000d60       0x78 build/obj/GPS_ublox.o
 .debug_aranges
                0x00000dd8       0x80 build/obj/hmc5883.o
 .debug_aranges
                0x00000e58       0x88 build/obj/ms5611.o

.debug_ranges   0x00000000     0x4f88
 .debug_ranges  0x00000000       0xe0 build/obj/crt0.o
 .debug_ranges  0x000000e0       0x10 build/obj/vectors.o
 .debug_ranges  0x000000f0       0x10 build/obj/chcore.o
 .debug_ranges  0x00000100       0x58 build/obj/chcore_v7m.o
 .debug_ranges  0x00000158       0x20 build/obj/nvic.o
 .debug_ranges  0x00000178       0x20 build/obj/chsys.o
 .debug_ranges  0x00000198       0x20 build/obj/chvt.o
 .debug_ranges  0x000001b8      0x190 build/obj/chschd.o
 .debug_ranges  0x00000348       0xc8 build/obj/chthreads.o
 .debug_ranges  0x00000410       0x30 build/obj/chregistry.o
 .debug_ranges  0x00000440      0x228 build/obj/chmtx.o
 .debug_ranges  0x00000668       0x28 build/obj/chmemcore.o
 .debug_ranges  0x00000690       0x30 build/obj/chheap.o
 .debug_ranges  0x000006c0       0x50 build/obj/hal.o
 .debug_ranges  0x00000710       0x70 build/obj/ext.o
 .debug_ranges  0x00000780       0x80 build/obj/i2c.o
 .debug_ranges  0x00000800       0x70 build/obj/pwm.o
 .debug_ranges  0x00000870       0x78 build/obj/tm.o
 .debug_ranges  0x000008e8       0xf8 build/obj/uart.o
 .debug_ranges  0x000009e0       0xa0 build/obj/stm32_dma.o
 .debug_ranges  0x00000a80       0x30 build/obj/hal_lld.o
 .debug_ranges  0x00000ab0       0x88 build/obj/ext_lld_isr.o
 .debug_ranges  0x00000b38       0x48 build/obj/ext_lld.o
 .debug_ranges  0x00000b80      0x168 build/obj/pal_lld.o
 .debug_ranges  0x00000ce8      0x148 build/obj/i2c_lld.o
 .debug_ranges  0x00000e30       0x80 build/obj/pwm_lld.o
 .debug_ranges  0x00000eb0      0x150 build/obj/uart_lld.o
 .debug_ranges  0x00001000       0x18 build/obj/board.o
 .debug_ranges  0x00001018     0x3608 build/obj/main.o
 .debug_ranges  0x00004620      0x2a0 build/obj/Mpu6050.o
 .debug_ranges  0x000048c0       0x88 build/obj/DP_Math.o
 .debug_ranges  0x00004948       0x58 build/obj/DP_Math_Vector2f.o
 .debug_ranges  0x000049a0       0x88 build/obj/DCMmath.o
 .debug_ranges  0x00004a28      0x1a0 build/obj/DCM.o
 .debug_ranges  0x00004bc8       0x68 build/obj/AHRS.o
 .debug_ranges  0x00004c30       0x40 build/obj/Common.o
 .debug_ranges  0x00004c70       0xc0 build/obj/GPS_ublox.o
 .debug_ranges  0x00004d30       0x90 build/obj/hmc5883.o
 .debug_ranges  0x00004dc0      0x1c8 build/obj/ms5611.o

.debug_line     0x00000000     0x8a59
 .debug_line    0x00000000      0x176 build/obj/crt0.o
 .debug_line    0x00000176       0xee build/obj/vectors.o
 .debug_line    0x00000264       0x5b build/obj/chcore.o
 .debug_line    0x000002bf      0x22e build/obj/chcore_v7m.o
 .debug_line    0x000004ed      0x12d build/obj/nvic.o
 .debug_line    0x0000061a      0x24f build/obj/chsys.o
 .debug_line    0x00000869      0x172 build/obj/chvt.o
 .debug_line    0x000009db      0x343 build/obj/chschd.o
 .debug_line    0x00000d1e      0x390 build/obj/chthreads.o
 .debug_line    0x000010ae      0x222 build/obj/chregistry.o
 .debug_line    0x000012d0      0x37c build/obj/chmtx.o
 .debug_line    0x0000164c      0x19a build/obj/chmemcore.o
 .debug_line    0x000017e6      0x2bd build/obj/chheap.o
 .debug_line    0x00001aa3      0x2cd build/obj/hal.o
 .debug_line    0x00001d70      0x1f6 build/obj/ext.o
 .debug_line    0x00001f66      0x371 build/obj/i2c.o
 .debug_line    0x000022d7      0x203 build/obj/pwm.o
 .debug_line    0x000024da      0x21b build/obj/tm.o
 .debug_line    0x000026f5      0x339 build/obj/uart.o
 .debug_line    0x00002a2e      0x41b build/obj/stm32_dma.o
 .debug_line    0x00002e49      0x20e build/obj/hal_lld.o
 .debug_line    0x00003057      0x389 build/obj/ext_lld_isr.o
 .debug_line    0x000033e0      0x246 build/obj/ext_lld.o
 .debug_line    0x00003626      0x216 build/obj/pal_lld.o
 .debug_line    0x0000383c      0x6ff build/obj/i2c_lld.o
 .debug_line    0x00003f3b      0x47d build/obj/pwm_lld.o
 .debug_line    0x000043b8      0x5ba build/obj/uart_lld.o
 .debug_line    0x00004972      0x1ad build/obj/board.o
 .debug_line    0x00004b1f     0x1271 build/obj/main.o
 .debug_line    0x00005d90      0x9fa build/obj/Mpu6050.o
 .debug_line    0x0000678a      0x2cb build/obj/DP_Math.o
 .debug_line    0x00006a55      0x183 build/obj/DP_Math_Vector2f.o
 .debug_line    0x00006bd8      0x322 build/obj/DCMmath.o
 .debug_line    0x00006efa      0x6d6 build/obj/DCM.o
 .debug_line    0x000075d0      0x263 build/obj/AHRS.o
 .debug_line    0x00007833      0x24a build/obj/Common.o
 .debug_line    0x00007a7d      0x560 build/obj/GPS_ublox.o
 .debug_line    0x00007fdd      0x4bc build/obj/hmc5883.o
 .debug_line    0x00008499      0x5c0 build/obj/ms5611.o

.debug_str      0x00000000     0x4352
 .debug_str     0x00000000      0x202 build/obj/crt0.o
                                0x23c (size before relaxing)
 .debug_str     0x00000202      0x14d build/obj/vectors.o
                                0x267 (size before relaxing)
 .debug_str     0x0000034f       0x35 build/obj/chcore.o
                                0x13a (size before relaxing)
 .debug_str     0x00000384      0x2e1 build/obj/chcore_v7m.o
                                0x40f (size before relaxing)
 .debug_str     0x00000665       0xa6 build/obj/nvic.o
                                0x239 (size before relaxing)
 .debug_str     0x0000070b      0x20d build/obj/chsys.o
                                0x4e7 (size before relaxing)
 .debug_str     0x00000918       0x3e build/obj/chvt.o
                                0x1ba (size before relaxing)
 .debug_str     0x00000956       0xdd build/obj/chschd.o
                                0x41c (size before relaxing)
 .debug_str     0x00000a33       0xdb build/obj/chthreads.o
                                0x487 (size before relaxing)
 .debug_str     0x00000b0e       0x4a build/obj/chregistry.o
                                0x40a (size before relaxing)
 .debug_str     0x00000b58       0x99 build/obj/chmtx.o
                                0x3a1 (size before relaxing)
 .debug_str     0x00000bf1       0x78 build/obj/chmemcore.o
                                0x1a5 (size before relaxing)
 .debug_str     0x00000c69       0xbb build/obj/chheap.o
                                0x385 (size before relaxing)
 .debug_str     0x00000d24      0x187 build/obj/hal.o
                                0x2ba (size before relaxing)
 .debug_str     0x00000eab      0x14f build/obj/ext.o
                                0x294 (size before relaxing)
 .debug_str     0x00000ffa      0x330 build/obj/i2c.o
                                0x620 (size before relaxing)
 .debug_str     0x0000132a      0x1b4 build/obj/pwm.o
                                0x319 (size before relaxing)
 .debug_str     0x000014de       0x6a build/obj/tm.o
                                0x1f6 (size before relaxing)
 .debug_str     0x00001548      0x27e build/obj/uart.o
                                0x494 (size before relaxing)
 .debug_str     0x000017c6      0x74f build/obj/stm32_dma.o
                                0x971 (size before relaxing)
 .debug_str     0x00001f15       0xc1 build/obj/hal_lld.o
                                0x359 (size before relaxing)
 .debug_str     0x00001fd6      0x11a build/obj/ext_lld_isr.o
                                0x7fa (size before relaxing)
 .debug_str     0x000020f0       0x60 build/obj/ext_lld.o
                                0x2d3 (size before relaxing)
 .debug_str     0x00002150       0xcc build/obj/pal_lld.o
                                0x3ac (size before relaxing)
 .debug_str     0x0000221c      0x16b build/obj/i2c_lld.o
                                0xde7 (size before relaxing)
 .debug_str     0x00002387       0xce build/obj/pwm_lld.o
                                0x4c1 (size before relaxing)
 .debug_str     0x00002455       0xf6 build/obj/uart_lld.o
                                0x632 (size before relaxing)
 .debug_str     0x0000254b       0x35 build/obj/board.o
                                0x214 (size before relaxing)
 .debug_str     0x00002580      0x75f build/obj/main.o
                                0xf99 (size before relaxing)
 .debug_str     0x00002cdf      0x447 build/obj/Mpu6050.o
                                0xb4e (size before relaxing)
 .debug_str     0x00003126       0xbd build/obj/DP_Math.o
                                0x285 (size before relaxing)
 .debug_str     0x000031e3       0x89 build/obj/DP_Math_Vector2f.o
                                0x1c8 (size before relaxing)
 .debug_str     0x0000326c       0xf1 build/obj/DCMmath.o
                                0x28c (size before relaxing)
 .debug_str     0x0000335d      0x6e7 build/obj/DCM.o
                                0xbf5 (size before relaxing)
 .debug_str     0x00003a44       0x65 build/obj/AHRS.o
                                0x3a5 (size before relaxing)
 .debug_str     0x00003aa9       0x7f build/obj/Common.o
                                0x224 (size before relaxing)
 .debug_str     0x00003b28      0x553 build/obj/GPS_ublox.o
                                0xb37 (size before relaxing)
 .debug_str     0x0000407b      0x15a build/obj/hmc5883.o
                                0x7e4 (size before relaxing)
 .debug_str     0x000041d5      0x17d build/obj/ms5611.o
                                0x741 (size before relaxing)

.comment        0x00000000       0x70
 .comment       0x00000000       0x70 build/obj/crt0.o
                                 0x71 (size before relaxing)
 .comment       0x00000000       0x71 build/obj/vectors.o
 .comment       0x00000000       0x71 build/obj/chcore.o
 .comment       0x00000000       0x71 build/obj/chcore_v7m.o
 .comment       0x00000000       0x71 build/obj/nvic.o
 .comment       0x00000000       0x71 build/obj/chsys.o
 .comment       0x00000000       0x71 build/obj/chvt.o
 .comment       0x00000000       0x71 build/obj/chschd.o
 .comment       0x00000000       0x71 build/obj/chthreads.o
 .comment       0x00000000       0x71 build/obj/chregistry.o
 .comment       0x00000000       0x71 build/obj/chmtx.o
 .comment       0x00000000       0x71 build/obj/chmemcore.o
 .comment       0x00000000       0x71 build/obj/chheap.o
 .comment       0x00000000       0x71 build/obj/hal.o
 .comment       0x00000000       0x71 build/obj/ext.o
 .comment       0x00000000       0x71 build/obj/i2c.o
 .comment       0x00000000       0x71 build/obj/pwm.o
 .comment       0x00000000       0x71 build/obj/tm.o
 .comment       0x00000000       0x71 build/obj/uart.o
 .comment       0x00000000       0x71 build/obj/stm32_dma.o
 .comment       0x00000000       0x71 build/obj/hal_lld.o
 .comment       0x00000000       0x71 build/obj/ext_lld_isr.o
 .comment       0x00000000       0x71 build/obj/ext_lld.o
 .comment       0x00000000       0x71 build/obj/pal_lld.o
 .comment       0x00000000       0x71 build/obj/i2c_lld.o
 .comment       0x00000000       0x71 build/obj/pwm_lld.o
 .comment       0x00000000       0x71 build/obj/uart_lld.o
 .comment       0x00000000       0x71 build/obj/board.o
 .comment       0x00000000       0x71 build/obj/main.o
 .comment       0x00000000       0x71 build/obj/Mpu6050.o
 .comment       0x00000000       0x71 build/obj/DP_Math.o
 .comment       0x00000000       0x71 build/obj/DP_Math_Vector2f.o
 .comment       0x00000000       0x71 build/obj/DCMmath.o
 .comment       0x00000000       0x71 build/obj/DCM.o
 .comment       0x00000000       0x71 build/obj/AHRS.o
 .comment       0x00000000       0x71 build/obj/Common.o
 .comment       0x00000000       0x71 build/obj/GPS_ublox.o
 .comment       0x00000000       0x71 build/obj/hmc5883.o
 .comment       0x00000000       0x71 build/obj/ms5611.o

.ARM.attributes
                0x00000000       0x33
 .ARM.attributes
                0x00000000       0x33 build/obj/crt0.o
 .ARM.attributes
                0x00000033       0x33 build/obj/vectors.o
 .ARM.attributes
                0x00000066       0x33 build/obj/chcore.o
 .ARM.attributes
                0x00000099       0x33 build/obj/chcore_v7m.o
 .ARM.attributes
                0x000000cc       0x33 build/obj/nvic.o
 .ARM.attributes
                0x000000ff       0x33 build/obj/chsys.o
 .ARM.attributes
                0x00000132       0x33 build/obj/chvt.o
 .ARM.attributes
                0x00000165       0x33 build/obj/chschd.o
 .ARM.attributes
                0x00000198       0x33 build/obj/chthreads.o
 .ARM.attributes
                0x000001cb       0x33 build/obj/chregistry.o
 .ARM.attributes
                0x000001fe       0x33 build/obj/chmtx.o
 .ARM.attributes